Archive member included to satisfy reference by file (symbol)

c:/program files (x86)/atollic/truestudio for stm32 9.3.0/armtools/bin/../lib/gcc/arm-atollic-eabi/6.3.1/../../../../arm-atollic-eabi/lib/armv7-m\libc_nano.a(lib_a-init.o)
                              startup\startup_stm32f103xb.o (__libc_init_array)
c:/program files (x86)/atollic/truestudio for stm32 9.3.0/armtools/bin/../lib/gcc/arm-atollic-eabi/6.3.1/../../../../arm-atollic-eabi/lib/armv7-m\libc_nano.a(lib_a-memset.o)
                              Drivers\STM32F1xx_HAL_Driver\Src\stm32f1xx_hal_rcc.o (memset)
c:/program files (x86)/atollic/truestudio for stm32 9.3.0/armtools/bin/../lib/gcc/arm-atollic-eabi/6.3.1/../../../../arm-atollic-eabi/lib/armv7-m\libc_nano.a(lib_a-snprintf.o)
                              Src\main.o (snprintf)
c:/program files (x86)/atollic/truestudio for stm32 9.3.0/armtools/bin/../lib/gcc/arm-atollic-eabi/6.3.1/../../../../arm-atollic-eabi/lib/armv7-m\libc_nano.a(lib_a-strcpy.o)
                              Src\main.o (strcpy)
c:/program files (x86)/atollic/truestudio for stm32 9.3.0/armtools/bin/../lib/gcc/arm-atollic-eabi/6.3.1/../../../../arm-atollic-eabi/lib/armv7-m\libc_nano.a(lib_a-strlen.o)
                              Src\main.o (strlen)
c:/program files (x86)/atollic/truestudio for stm32 9.3.0/armtools/bin/../lib/gcc/arm-atollic-eabi/6.3.1/../../../../arm-atollic-eabi/lib/armv7-m\libc_nano.a(lib_a-strncpy.o)
                              Src\usbd_cdc_if.o (strncpy)
c:/program files (x86)/atollic/truestudio for stm32 9.3.0/armtools/bin/../lib/gcc/arm-atollic-eabi/6.3.1/../../../../arm-atollic-eabi/lib/armv7-m\libc_nano.a(lib_a-strstr.o)
                              Src\usbd_cdc_if.o (strstr)
c:/program files (x86)/atollic/truestudio for stm32 9.3.0/armtools/bin/../lib/gcc/arm-atollic-eabi/6.3.1/../../../../arm-atollic-eabi/lib/armv7-m\libc_nano.a(lib_a-impure.o)
                              c:/program files (x86)/atollic/truestudio for stm32 9.3.0/armtools/bin/../lib/gcc/arm-atollic-eabi/6.3.1/../../../../arm-atollic-eabi/lib/armv7-m\libc_nano.a(lib_a-snprintf.o) (_impure_ptr)
c:/program files (x86)/atollic/truestudio for stm32 9.3.0/armtools/bin/../lib/gcc/arm-atollic-eabi/6.3.1/../../../../arm-atollic-eabi/lib/armv7-m\libc_nano.a(lib_a-nano-svfprintf.o)
                              c:/program files (x86)/atollic/truestudio for stm32 9.3.0/armtools/bin/../lib/gcc/arm-atollic-eabi/6.3.1/../../../../arm-atollic-eabi/lib/armv7-m\libc_nano.a(lib_a-snprintf.o) (_svfprintf_r)
c:/program files (x86)/atollic/truestudio for stm32 9.3.0/armtools/bin/../lib/gcc/arm-atollic-eabi/6.3.1/../../../../arm-atollic-eabi/lib/armv7-m\libc_nano.a(lib_a-nano-vfprintf_i.o)
                              c:/program files (x86)/atollic/truestudio for stm32 9.3.0/armtools/bin/../lib/gcc/arm-atollic-eabi/6.3.1/../../../../arm-atollic-eabi/lib/armv7-m\libc_nano.a(lib_a-nano-svfprintf.o) (_printf_i)
c:/program files (x86)/atollic/truestudio for stm32 9.3.0/armtools/bin/../lib/gcc/arm-atollic-eabi/6.3.1/../../../../arm-atollic-eabi/lib/armv7-m\libc_nano.a(lib_a-memchr-stub.o)
                              c:/program files (x86)/atollic/truestudio for stm32 9.3.0/armtools/bin/../lib/gcc/arm-atollic-eabi/6.3.1/../../../../arm-atollic-eabi/lib/armv7-m\libc_nano.a(lib_a-nano-svfprintf.o) (memchr)
c:/program files (x86)/atollic/truestudio for stm32 9.3.0/armtools/bin/../lib/gcc/arm-atollic-eabi/6.3.1/../../../../arm-atollic-eabi/lib/armv7-m\libc_nano.a(lib_a-memcpy-stub.o)
                              c:/program files (x86)/atollic/truestudio for stm32 9.3.0/armtools/bin/../lib/gcc/arm-atollic-eabi/6.3.1/../../../../arm-atollic-eabi/lib/armv7-m\libc_nano.a(lib_a-nano-svfprintf.o) (memcpy)
c:/program files (x86)/atollic/truestudio for stm32 9.3.0/armtools/bin/../lib/gcc/arm-atollic-eabi/6.3.1/../../../../arm-atollic-eabi/lib/armv7-m\libc_nano.a(lib_a-memmove.o)
                              c:/program files (x86)/atollic/truestudio for stm32 9.3.0/armtools/bin/../lib/gcc/arm-atollic-eabi/6.3.1/../../../../arm-atollic-eabi/lib/armv7-m\libc_nano.a(lib_a-nano-svfprintf.o) (memmove)
c:/program files (x86)/atollic/truestudio for stm32 9.3.0/armtools/bin/../lib/gcc/arm-atollic-eabi/6.3.1/../../../../arm-atollic-eabi/lib/armv7-m\libc_nano.a(lib_a-nano-freer.o)
                              c:/program files (x86)/atollic/truestudio for stm32 9.3.0/armtools/bin/../lib/gcc/arm-atollic-eabi/6.3.1/../../../../arm-atollic-eabi/lib/armv7-m\libc_nano.a(lib_a-nano-svfprintf.o) (_free_r)
c:/program files (x86)/atollic/truestudio for stm32 9.3.0/armtools/bin/../lib/gcc/arm-atollic-eabi/6.3.1/../../../../arm-atollic-eabi/lib/armv7-m\libc_nano.a(lib_a-nano-mallocr.o)
                              c:/program files (x86)/atollic/truestudio for stm32 9.3.0/armtools/bin/../lib/gcc/arm-atollic-eabi/6.3.1/../../../../arm-atollic-eabi/lib/armv7-m\libc_nano.a(lib_a-nano-svfprintf.o) (_malloc_r)
[...]
Memory Configuration

Name             Origin             Length             Attributes
RAM              0x20000000         0x00005000         xrw
FLASH            0x08000000         0x00010000         xr
*default*        0x00000000         0xffffffff

Linker script and memory map

LOAD c:/program files (x86)/atollic/truestudio for stm32 9.3.0/armtools/bin/../lib/gcc/arm-atollic-eabi/6.3.1/armv7-m/crti.o
LOAD c:/program files (x86)/atollic/truestudio for stm32 9.3.0/armtools/bin/../lib/gcc/arm-atollic-eabi/6.3.1/armv7-m/crtbegin.o
LOAD Drivers\STM32F1xx_HAL_Driver\Src\stm32f1xx_hal.o
LOAD Drivers\STM32F1xx_HAL_Driver\Src\stm32f1xx_hal_cortex.o
LOAD Drivers\STM32F1xx_HAL_Driver\Src\stm32f1xx_hal_dma.o
LOAD Drivers\STM32F1xx_HAL_Driver\Src\stm32f1xx_hal_flash.o
LOAD Drivers\STM32F1xx_HAL_Driver\Src\stm32f1xx_hal_flash_ex.o
LOAD Drivers\STM32F1xx_HAL_Driver\Src\stm32f1xx_hal_gpio.o
LOAD Drivers\STM32F1xx_HAL_Driver\Src\stm32f1xx_hal_gpio_ex.o
LOAD Drivers\STM32F1xx_HAL_Driver\Src\stm32f1xx_hal_pcd.o
LOAD Drivers\STM32F1xx_HAL_Driver\Src\stm32f1xx_hal_pcd_ex.o
LOAD Drivers\STM32F1xx_HAL_Driver\Src\stm32f1xx_hal_pwr.o
LOAD Drivers\STM32F1xx_HAL_Driver\Src\stm32f1xx_hal_rcc.o
LOAD Drivers\STM32F1xx_HAL_Driver\Src\stm32f1xx_hal_rcc_ex.o
LOAD Drivers\STM32F1xx_HAL_Driver\Src\stm32f1xx_hal_tim.o
LOAD Drivers\STM32F1xx_HAL_Driver\Src\stm32f1xx_hal_tim_ex.o
LOAD Drivers\STM32F1xx_HAL_Driver\Src\stm32f1xx_hal_uart.o
LOAD Drivers\STM32F1xx_HAL_Driver\Src\stm32f1xx_ll_usb.o
LOAD Middlewares\ST\STM32_USB_Device_Library\Class\CDC\Src\usbd_cdc.o
LOAD Middlewares\ST\STM32_USB_Device_Library\Core\Src\usbd_core.o
LOAD Middlewares\ST\STM32_USB_Device_Library\Core\Src\usbd_ctlreq.o
LOAD Middlewares\ST\STM32_USB_Device_Library\Core\Src\usbd_ioreq.o
LOAD Src\OneWire.o
LOAD Src\eeprom.o
LOAD Src\main.o
LOAD Src\stm32f1xx_hal_msp.o
LOAD Src\stm32f1xx_it.o
LOAD Src\system_stm32f1xx.o
LOAD Src\usb_device.o
LOAD Src\usbd_cdc_if.o
LOAD Src\usbd_conf.o
LOAD Src\usbd_desc.o
LOAD startup\startup_stm32f103xb.o
                0x00000080                malloc_getpagesize_P = 0x80
START GROUP
LOAD c:/program files (x86)/atollic/truestudio for stm32 9.3.0/armtools/bin/../lib/gcc/arm-atollic-eabi/6.3.1/../../../../arm-atollic-eabi/lib/armv7-m\libc_nano.a
LOAD c:/program files (x86)/atollic/truestudio for stm32 9.3.0/armtools/bin/../lib/gcc/arm-atollic-eabi/6.3.1/../../../../arm-atollic-eabi/lib/armv7-m\libm.a
END GROUP
START GROUP
LOAD c:/program files (x86)/atollic/truestudio for stm32 9.3.0/armtools/bin/../lib/gcc/arm-atollic-eabi/6.3.1/armv7-m\libgcc.a
LOAD c:/program files (x86)/atollic/truestudio for stm32 9.3.0/armtools/bin/../lib/gcc/arm-atollic-eabi/6.3.1/../../../../arm-atollic-eabi/lib/armv7-m\libc_nano.a
END GROUP
START GROUP
LOAD c:/program files (x86)/atollic/truestudio for stm32 9.3.0/armtools/bin/../lib/gcc/arm-atollic-eabi/6.3.1/armv7-m\libgcc.a
LOAD c:/program files (x86)/atollic/truestudio for stm32 9.3.0/armtools/bin/../lib/gcc/arm-atollic-eabi/6.3.1/../../../../arm-atollic-eabi/lib/armv7-m\libc_nano.a
LOAD c:/program files (x86)/atollic/truestudio for stm32 9.3.0/armtools/bin/../lib/gcc/arm-atollic-eabi/6.3.1/../../../../arm-atollic-eabi/lib/armv7-m\libnosys.a
END GROUP
START GROUP
LOAD c:/program files (x86)/atollic/truestudio for stm32 9.3.0/armtools/bin/../lib/gcc/arm-atollic-eabi/6.3.1/armv7-m\libgcc.a
LOAD c:/program files (x86)/atollic/truestudio for stm32 9.3.0/armtools/bin/../lib/gcc/arm-atollic-eabi/6.3.1/../../../../arm-atollic-eabi/lib/armv7-m\libc_nano.a
LOAD c:/program files (x86)/atollic/truestudio for stm32 9.3.0/armtools/bin/../lib/gcc/arm-atollic-eabi/6.3.1/../../../../arm-atollic-eabi/lib/armv7-m\libnosys.a
END GROUP
LOAD c:/program files (x86)/atollic/truestudio for stm32 9.3.0/armtools/bin/../lib/gcc/arm-atollic-eabi/6.3.1/armv7-m/crtend.o
LOAD c:/program files (x86)/atollic/truestudio for stm32 9.3.0/armtools/bin/../lib/gcc/arm-atollic-eabi/6.3.1/armv7-m/crtn.o
                0x20005000                _estack = 0x20005000
                0x00000200                _Min_Heap_Size = 0x200
                0x00000400                _Min_Stack_Size = 0x400

.isr_vector     0x08000000      0x10c
                0x08000000                . = ALIGN (0x4)
 *(.isr_vector)
 .isr_vector    0x08000000      0x10c startup\startup_stm32f103xb.o
                0x08000000                g_pfnVectors
                0x0800010c                . = ALIGN (0x4)

.text           0x08000110     0x53d0
                0x08000110                . = ALIGN (0x4)
 *(.text)
 .text          0x08000110       0x40 c:/program files (x86)/atollic/truestudio for stm32 9.3.0/armtools/bin/../lib/gcc/arm-atollic-eabi/6.3.1/armv7-m/crtbegin.o
 .text          0x08000150       0x10 c:/program files (x86)/atollic/truestudio for stm32 9.3.0/armtools/bin/../lib/gcc/arm-atollic-eabi/6.3.1/../../../../arm-atollic-eabi/lib/armv7-m\libc_nano.a(lib_a-strlen.o)
                0x08000150                strlen
 .text          0x08000160       0x18 c:/program files (x86)/atollic/truestudio for stm32 9.3.0/armtools/bin/../lib/gcc/arm-atollic-eabi/6.3.1/armv7-m\libgcc.a(_lshrdi3.o)
                0x08000160                __lshrdi3
                0x08000160                __aeabi_llsr
 .text          0x08000178      0x370 c:/program files (x86)/atollic/truestudio for stm32 9.3.0/armtools/bin/../lib/gcc/arm-atollic-eabi/6.3.1/armv7-m\libgcc.a(_arm_addsubdf3.o)
                0x08000178                __aeabi_drsub
                0x08000180                __aeabi_dsub
                0x08000180                __subdf3
                0x08000184                __aeabi_dadd
                0x08000184                __adddf3
                0x080003fc                __floatunsidf
                0x080003fc                __aeabi_ui2d
                0x0800041c                __floatsidf
                0x0800041c                __aeabi_i2d
                0x08000440                __aeabi_f2d
                0x08000440                __extendsfdf2
                0x0800047c                __floatundidf
                0x0800047c                __aeabi_ul2d
                0x0800048c                __floatdidf
                0x0800048c                __aeabi_l2d
 .text          0x080004e8      0x110 c:/program files (x86)/atollic/truestudio for stm32 9.3.0/armtools/bin/../lib/gcc/arm-atollic-eabi/6.3.1/armv7-m\libgcc.a(_arm_cmpdf2.o)
                0x080004e8                __gtdf2
                0x080004e8                __gedf2
                0x080004f0                __ltdf2
                0x080004f0                __ledf2
                0x080004f8                __nedf2
                0x080004f8                __eqdf2
                0x080004f8                __cmpdf2
                0x08000574                __aeabi_cdrcmple
                0x08000584                __aeabi_cdcmpeq
                0x08000584                __aeabi_cdcmple
                0x08000594                __aeabi_dcmpeq
                0x080005a8                __aeabi_dcmplt
                0x080005bc                __aeabi_dcmple
                0x080005d0                __aeabi_dcmpge
                0x080005e4                __aeabi_dcmpgt
 .text          0x080005f8      0x21c c:/program files (x86)/atollic/truestudio for stm32 9.3.0/armtools/bin/../lib/gcc/arm-atollic-eabi/6.3.1/armv7-m\libgcc.a(_arm_addsubsf3.o)
                0x080005f8                __aeabi_frsub
                0x08000600                __subsf3
                0x08000600                __aeabi_fsub
                0x08000604                __aeabi_fadd
                0x08000604                __addsf3
                0x08000764                __aeabi_ui2f
                0x08000764                __floatunsisf
                0x0800076c                __aeabi_i2f
                0x0800076c                __floatsisf
                0x08000788                __aeabi_ul2f
                0x08000788                __floatundisf
                0x08000798                __aeabi_l2f
                0x08000798                __floatdisf
 .text          0x08000814       0x40 c:/program files (x86)/atollic/truestudio for stm32 9.3.0/armtools/bin/../lib/gcc/arm-atollic-eabi/6.3.1/armv7-m\libgcc.a(_arm_fixunssfsi.o)
                0x08000814                __fixunssfsi
                0x08000814                __aeabi_f2uiz
 *(.text*)
 .text.HAL_InitTick
                0x08000854       0x48 Drivers\STM32F1xx_HAL_Driver\Src\stm32f1xx_hal.o
                0x08000854                HAL_InitTick
 .text.HAL_Init
                0x0800089c       0x24 Drivers\STM32F1xx_HAL_Driver\Src\stm32f1xx_hal.o
                0x0800089c                HAL_Init
 .text.HAL_IncTick
                0x080008c0       0x18 Drivers\STM32F1xx_HAL_Driver\Src\stm32f1xx_hal.o
                0x080008c0                HAL_IncTick
 .text.HAL_GetTick
                0x080008d8        0xc Drivers\STM32F1xx_HAL_Driver\Src\stm32f1xx_hal.o
                0x080008d8                HAL_GetTick
 .text.HAL_Delay
                0x080008e4       0x24 Drivers\STM32F1xx_HAL_Driver\Src\stm32f1xx_hal.o
                0x080008e4                HAL_Delay
 .text.HAL_NVIC_SetPriorityGrouping
                0x08000908       0x24 Drivers\STM32F1xx_HAL_Driver\Src\stm32f1xx_hal_cortex.o
                0x08000908                HAL_NVIC_SetPriorityGrouping
 .text.HAL_NVIC_SetPriority
                0x0800092c       0x68 Drivers\STM32F1xx_HAL_Driver\Src\stm32f1xx_hal_cortex.o
                0x0800092c                HAL_NVIC_SetPriority
 .text.HAL_NVIC_EnableIRQ
                0x08000994       0x18 Drivers\STM32F1xx_HAL_Driver\Src\stm32f1xx_hal_cortex.o
                0x08000994                HAL_NVIC_EnableIRQ
 .text.HAL_SYSTICK_Config
                0x080009ac       0x2c Drivers\STM32F1xx_HAL_Driver\Src\stm32f1xx_hal_cortex.o
                0x080009ac                HAL_SYSTICK_Config
 .text.HAL_SYSTICK_CLKSourceConfig
                0x080009d8       0x18 Drivers\STM32F1xx_HAL_Driver\Src\stm32f1xx_hal_cortex.o
                0x080009d8                HAL_SYSTICK_CLKSourceConfig
 .text.HAL_SYSTICK_Callback
                0x080009f0        0x2 Drivers\STM32F1xx_HAL_Driver\Src\stm32f1xx_hal_cortex.o
                0x080009f0                HAL_SYSTICK_Callback
 .text.HAL_SYSTICK_IRQHandler
                0x080009f2        0x8 Drivers\STM32F1xx_HAL_Driver\Src\stm32f1xx_hal_cortex.o
                0x080009f2                HAL_SYSTICK_IRQHandler
 *fill*         0x080009fa        0x2 
 .text.HAL_DMA_Abort_IT
                0x080009fc       0x90 Drivers\STM32F1xx_HAL_Driver\Src\stm32f1xx_hal_dma.o
                0x080009fc                HAL_DMA_Abort_IT
 .text.FLASH_SetErrorCode
                0x08000a8c       0x50 Drivers\STM32F1xx_HAL_Driver\Src\stm32f1xx_hal_flash.o
 .text.HAL_FLASH_Unlock
                0x08000adc       0x24 Drivers\STM32F1xx_HAL_Driver\Src\stm32f1xx_hal_flash.o
                0x08000adc                HAL_FLASH_Unlock
 .text.HAL_FLASH_Lock
                0x08000b00       0x14 Drivers\STM32F1xx_HAL_Driver\Src\stm32f1xx_hal_flash.o
                0x08000b00                HAL_FLASH_Lock
 .text.FLASH_WaitForLastOperation
                0x08000b14       0x54 Drivers\STM32F1xx_HAL_Driver\Src\stm32f1xx_hal_flash.o
                0x08000b14                FLASH_WaitForLastOperation
 .text.HAL_FLASH_Program
                0x08000b68       0x8c Drivers\STM32F1xx_HAL_Driver\Src\stm32f1xx_hal_flash.o
                0x08000b68                HAL_FLASH_Program
 .text.FLASH_MassErase.isra.0
                0x08000bf4       0x24 Drivers\STM32F1xx_HAL_Driver\Src\stm32f1xx_hal_flash_ex.o
 .text.FLASH_PageErase
                0x08000c18       0x24 Drivers\STM32F1xx_HAL_Driver\Src\stm32f1xx_hal_flash_ex.o
                0x08000c18                FLASH_PageErase
 .text.HAL_FLASHEx_Erase
                0x08000c3c       0x9c Drivers\STM32F1xx_HAL_Driver\Src\stm32f1xx_hal_flash_ex.o
                0x08000c3c                HAL_FLASHEx_Erase
 .text.HAL_GPIO_Init
                0x08000cd8      0x1c0 Drivers\STM32F1xx_HAL_Driver\Src\stm32f1xx_hal_gpio.o
                0x08000cd8                HAL_GPIO_Init
 .text.HAL_GPIO_WritePin
                0x08000e98        0xa Drivers\STM32F1xx_HAL_Driver\Src\stm32f1xx_hal_gpio.o
                0x08000e98                HAL_GPIO_WritePin
 .text.HAL_PCD_Init
                0x08000ea2       0xd2 Drivers\STM32F1xx_HAL_Driver\Src\stm32f1xx_hal_pcd.o
                0x08000ea2                HAL_PCD_Init
 .text.HAL_PCD_Start
                0x08000f74       0x2e Drivers\STM32F1xx_HAL_Driver\Src\stm32f1xx_hal_pcd.o
                0x08000f74                HAL_PCD_Start
 .text.HAL_PCD_SetAddress
                0x08000fa2       0x28 Drivers\STM32F1xx_HAL_Driver\Src\stm32f1xx_hal_pcd.o
                0x08000fa2                HAL_PCD_SetAddress
 .text.HAL_PCD_EP_Open
                0x08000fca       0x46 Drivers\STM32F1xx_HAL_Driver\Src\stm32f1xx_hal_pcd.o
                0x08000fca                HAL_PCD_EP_Open
 .text.HAL_PCD_EP_Close
                0x08001010       0x42 Drivers\STM32F1xx_HAL_Driver\Src\stm32f1xx_hal_pcd.o
                0x08001010                HAL_PCD_EP_Close
 .text.HAL_PCD_EP_Receive
                0x08001052       0x30 Drivers\STM32F1xx_HAL_Driver\Src\stm32f1xx_hal_pcd.o
                0x08001052                HAL_PCD_EP_Receive
 .text.HAL_PCD_EP_GetRxCount
                0x08001082        0xe Drivers\STM32F1xx_HAL_Driver\Src\stm32f1xx_hal_pcd.o
                0x08001082                HAL_PCD_EP_GetRxCount
 .text.HAL_PCD_EP_Transmit
                0x08001090       0x2c Drivers\STM32F1xx_HAL_Driver\Src\stm32f1xx_hal_pcd.o
                0x08001090                HAL_PCD_EP_Transmit
 .text.HAL_PCD_IRQHandler
                0x080010bc      0x4f0 Drivers\STM32F1xx_HAL_Driver\Src\stm32f1xx_hal_pcd.o
                0x080010bc                HAL_PCD_IRQHandler
 .text.HAL_PCD_EP_SetStall
                0x080015ac       0x52 Drivers\STM32F1xx_HAL_Driver\Src\stm32f1xx_hal_pcd.o
                0x080015ac                HAL_PCD_EP_SetStall
 .text.HAL_PCD_EP_ClrStall
                0x080015fe       0x46 Drivers\STM32F1xx_HAL_Driver\Src\stm32f1xx_hal_pcd.o
                0x080015fe                HAL_PCD_EP_ClrStall
 .text.HAL_PCDEx_PMAConfig
                0x08001644       0x30 Drivers\STM32F1xx_HAL_Driver\Src\stm32f1xx_hal_pcd_ex.o
                0x08001644                HAL_PCDEx_PMAConfig
 .text.HAL_RCC_OscConfig
                0x08001674      0x318 Drivers\STM32F1xx_HAL_Driver\Src\stm32f1xx_hal_rcc.o
                0x08001674                HAL_RCC_OscConfig
 .text.HAL_RCC_GetSysClockFreq
                0x0800198c       0x78 Drivers\STM32F1xx_HAL_Driver\Src\stm32f1xx_hal_rcc.o
                0x0800198c                HAL_RCC_GetSysClockFreq
 .text.HAL_RCC_ClockConfig
                0x08001a04      0x148 Drivers\STM32F1xx_HAL_Driver\Src\stm32f1xx_hal_rcc.o
                0x08001a04                HAL_RCC_ClockConfig
 .text.HAL_RCC_GetHCLKFreq
                0x08001b4c        0xc Drivers\STM32F1xx_HAL_Driver\Src\stm32f1xx_hal_rcc.o
                0x08001b4c                HAL_RCC_GetHCLKFreq
 .text.HAL_RCC_GetPCLK1Freq
                0x08001b58       0x20 Drivers\STM32F1xx_HAL_Driver\Src\stm32f1xx_hal_rcc.o
                0x08001b58                HAL_RCC_GetPCLK1Freq
 .text.HAL_RCC_GetPCLK2Freq
                0x08001b78       0x20 Drivers\STM32F1xx_HAL_Driver\Src\stm32f1xx_hal_rcc.o
                0x08001b78                HAL_RCC_GetPCLK2Freq
 .text.HAL_RCCEx_PeriphCLKConfig
                0x08001b98       0xf0 Drivers\STM32F1xx_HAL_Driver\Src\stm32f1xx_hal_rcc_ex.o
                0x08001b98                HAL_RCCEx_PeriphCLKConfig
 .text.HAL_TIM_Base_Start
                0x08001c88       0x1a Drivers\STM32F1xx_HAL_Driver\Src\stm32f1xx_hal_tim.o
                0x08001c88                HAL_TIM_Base_Start
 .text.HAL_TIM_Base_Start_IT
                0x08001ca2       0x16 Drivers\STM32F1xx_HAL_Driver\Src\stm32f1xx_hal_tim.o
                0x08001ca2                HAL_TIM_Base_Start_IT
 .text.HAL_TIM_ConfigClockSource
                0x08001cb8      0x172 Drivers\STM32F1xx_HAL_Driver\Src\stm32f1xx_hal_tim.o
                0x08001cb8                HAL_TIM_ConfigClockSource
 .text.HAL_TIM_PeriodElapsedCallback
                0x08001e2a        0x2 Drivers\STM32F1xx_HAL_Driver\Src\stm32f1xx_hal_tim.o
                0x08001e2a                HAL_TIM_PeriodElapsedCallback
 .text.HAL_TIM_OC_DelayElapsedCallback
                0x08001e2c        0x2 Drivers\STM32F1xx_HAL_Driver\Src\stm32f1xx_hal_tim.o
                0x08001e2c                HAL_TIM_OC_DelayElapsedCallback
 .text.HAL_TIM_IC_CaptureCallback
                0x08001e2e        0x2 Drivers\STM32F1xx_HAL_Driver\Src\stm32f1xx_hal_tim.o
                0x08001e2e                HAL_TIM_IC_CaptureCallback
 .text.HAL_TIM_PWM_PulseFinishedCallback
                0x08001e30        0x2 Drivers\STM32F1xx_HAL_Driver\Src\stm32f1xx_hal_tim.o
                0x08001e30                HAL_TIM_PWM_PulseFinishedCallback
 .text.HAL_TIM_TriggerCallback
                0x08001e32        0x2 Drivers\STM32F1xx_HAL_Driver\Src\stm32f1xx_hal_tim.o
                0x08001e32                HAL_TIM_TriggerCallback
 .text.HAL_TIM_IRQHandler
                0x08001e34      0x144 Drivers\STM32F1xx_HAL_Driver\Src\stm32f1xx_hal_tim.o
                0x08001e34                HAL_TIM_IRQHandler
 .text.TIM_Base_SetConfig
                0x08001f78       0x70 Drivers\STM32F1xx_HAL_Driver\Src\stm32f1xx_hal_tim.o
                0x08001f78                TIM_Base_SetConfig
 .text.HAL_TIM_Base_Init
                0x08001fe8       0x34 Drivers\STM32F1xx_HAL_Driver\Src\stm32f1xx_hal_tim.o
                0x08001fe8                HAL_TIM_Base_Init
 .text.HAL_TIMEx_MasterConfigSynchronization
                0x0800201c       0x44 Drivers\STM32F1xx_HAL_Driver\Src\stm32f1xx_hal_tim_ex.o
                0x0800201c                HAL_TIMEx_MasterConfigSynchronization
 .text.HAL_TIMEx_CommutationCallback
                0x08002060        0x2 Drivers\STM32F1xx_HAL_Driver\Src\stm32f1xx_hal_tim_ex.o
                0x08002060                HAL_TIMEx_CommutationCallback
 .text.HAL_TIMEx_BreakCallback
                0x08002062        0x2 Drivers\STM32F1xx_HAL_Driver\Src\stm32f1xx_hal_tim_ex.o
                0x08002062                HAL_TIMEx_BreakCallback
 .text.UART_EndRxTransfer
                0x08002064       0x1a Drivers\STM32F1xx_HAL_Driver\Src\stm32f1xx_hal_uart.o
 *fill*         0x0800207e        0x2 
 .text.UART_SetConfig
                0x08002080      0x13c Drivers\STM32F1xx_HAL_Driver\Src\stm32f1xx_hal_uart.o
 .text.UART_WaitOnFlagUntilTimeout.constprop.3
                0x080021bc       0x50 Drivers\STM32F1xx_HAL_Driver\Src\stm32f1xx_hal_uart.o
 .text.HAL_UART_Init
                0x0800220c       0x5c Drivers\STM32F1xx_HAL_Driver\Src\stm32f1xx_hal_uart.o
                0x0800220c                HAL_UART_Init
 .text.HAL_HalfDuplex_Init
                0x08002268       0x64 Drivers\STM32F1xx_HAL_Driver\Src\stm32f1xx_hal_uart.o
                0x08002268                HAL_HalfDuplex_Init
 .text.HAL_UART_Transmit
                0x080022cc       0xb8 Drivers\STM32F1xx_HAL_Driver\Src\stm32f1xx_hal_uart.o
                0x080022cc                HAL_UART_Transmit
 .text.HAL_UART_TxCpltCallback
                0x08002384        0x2 Drivers\STM32F1xx_HAL_Driver\Src\stm32f1xx_hal_uart.o
                0x08002384                HAL_UART_TxCpltCallback
 .text.HAL_UART_RxCpltCallback
                0x08002386        0x2 Drivers\STM32F1xx_HAL_Driver\Src\stm32f1xx_hal_uart.o
                0x08002386                HAL_UART_RxCpltCallback
 .text.UART_Receive_IT
                0x08002388       0x7c Drivers\STM32F1xx_HAL_Driver\Src\stm32f1xx_hal_uart.o
 .text.HAL_UART_ErrorCallback
                0x08002404        0x2 Drivers\STM32F1xx_HAL_Driver\Src\stm32f1xx_hal_uart.o
                0x08002404                HAL_UART_ErrorCallback
 *fill*         0x08002406        0x2 
 .text.HAL_UART_IRQHandler
                0x08002408      0x140 Drivers\STM32F1xx_HAL_Driver\Src\stm32f1xx_hal_uart.o
                0x08002408                HAL_UART_IRQHandler
 .text.UART_DMAAbortOnError
                0x08002548       0x10 Drivers\STM32F1xx_HAL_Driver\Src\stm32f1xx_hal_uart.o
 .text.USB_CoreInit
                0x08002558        0xe Drivers\STM32F1xx_HAL_Driver\Src\stm32f1xx_ll_usb.o
                0x08002558                USB_CoreInit
 .text.USB_EnableGlobalInt
                0x08002566       0x12 Drivers\STM32F1xx_HAL_Driver\Src\stm32f1xx_ll_usb.o
                0x08002566                USB_EnableGlobalInt
 .text.USB_DisableGlobalInt
                0x08002578       0x14 Drivers\STM32F1xx_HAL_Driver\Src\stm32f1xx_ll_usb.o
                0x08002578                USB_DisableGlobalInt
 .text.USB_SetCurrentMode
                0x0800258c        0x4 Drivers\STM32F1xx_HAL_Driver\Src\stm32f1xx_ll_usb.o
                0x0800258c                USB_SetCurrentMode
 .text.USB_DevInit
                0x08002590       0x36 Drivers\STM32F1xx_HAL_Driver\Src\stm32f1xx_ll_usb.o
                0x08002590                USB_DevInit
 *fill*         0x080025c6        0x2 
 .text.USB_ActivateEndpoint
                0x080025c8      0x2e4 Drivers\STM32F1xx_HAL_Driver\Src\stm32f1xx_ll_usb.o
                0x080025c8                USB_ActivateEndpoint
 .text.USB_DeactivateEndpoint
                0x080028ac      0x19c Drivers\STM32F1xx_HAL_Driver\Src\stm32f1xx_ll_usb.o
                0x080028ac                USB_DeactivateEndpoint
 .text.USB_EPSetStall
                0x08002a48       0x64 Drivers\STM32F1xx_HAL_Driver\Src\stm32f1xx_ll_usb.o
                0x08002a48                USB_EPSetStall
 .text.USB_EPClearStall
                0x08002aac       0x84 Drivers\STM32F1xx_HAL_Driver\Src\stm32f1xx_ll_usb.o
                0x08002aac                USB_EPClearStall
 .text.USB_SetDevAddress
                0x08002b30        0xc Drivers\STM32F1xx_HAL_Driver\Src\stm32f1xx_ll_usb.o
                0x08002b30                USB_SetDevAddress
 .text.USB_DevConnect
                0x08002b3c        0x4 Drivers\STM32F1xx_HAL_Driver\Src\stm32f1xx_ll_usb.o
                0x08002b3c                USB_DevConnect
 .text.USB_DevDisconnect
                0x08002b40        0x4 Drivers\STM32F1xx_HAL_Driver\Src\stm32f1xx_ll_usb.o
                0x08002b40                USB_DevDisconnect
 .text.USB_ReadInterrupts
                0x08002b44        0x8 Drivers\STM32F1xx_HAL_Driver\Src\stm32f1xx_ll_usb.o
                0x08002b44                USB_ReadInterrupts
 .text.USB_EP0_OutStart
                0x08002b4c        0x4 Drivers\STM32F1xx_HAL_Driver\Src\stm32f1xx_ll_usb.o
                0x08002b4c                USB_EP0_OutStart
 .text.USB_WritePMA
                0x08002b50       0x22 Drivers\STM32F1xx_HAL_Driver\Src\stm32f1xx_ll_usb.o
                0x08002b50                USB_WritePMA
 *fill*         0x08002b72        0x2 
 .text.USB_EPStartXfer
                0x08002b74      0x200 Drivers\STM32F1xx_HAL_Driver\Src\stm32f1xx_ll_usb.o
                0x08002b74                USB_EPStartXfer
 .text.USB_ReadPMA
                0x08002d74       0x22 Drivers\STM32F1xx_HAL_Driver\Src\stm32f1xx_ll_usb.o
                0x08002d74                USB_ReadPMA
 .text.USBD_CDC_DataIn
                0x08002d96       0x12 Middlewares\ST\STM32_USB_Device_Library\Class\CDC\Src\usbd_cdc.o
 .text.USBD_CDC_EP0_RxReady
                0x08002da8       0x28 Middlewares\ST\STM32_USB_Device_Library\Class\CDC\Src\usbd_cdc.o
 .text.USBD_CDC_GetFSCfgDesc
                0x08002dd0        0xc Middlewares\ST\STM32_USB_Device_Library\Class\CDC\Src\usbd_cdc.o
 .text.USBD_CDC_GetHSCfgDesc
                0x08002ddc        0xc Middlewares\ST\STM32_USB_Device_Library\Class\CDC\Src\usbd_cdc.o
 .text.USBD_CDC_GetOtherSpeedCfgDesc
                0x08002de8        0xc Middlewares\ST\STM32_USB_Device_Library\Class\CDC\Src\usbd_cdc.o
 .text.USBD_CDC_GetDeviceQualifierDescriptor
                0x08002df4        0xc Middlewares\ST\STM32_USB_Device_Library\Class\CDC\Src\usbd_cdc.o
                0x08002df4                USBD_CDC_GetDeviceQualifierDescriptor
 .text.USBD_CDC_DataOut
                0x08002e00       0x2e Middlewares\ST\STM32_USB_Device_Library\Class\CDC\Src\usbd_cdc.o
 *fill*         0x08002e2e        0x2 
 .text.USBD_CDC_Setup
                0x08002e30       0x68 Middlewares\ST\STM32_USB_Device_Library\Class\CDC\Src\usbd_cdc.o
 .text.USBD_CDC_DeInit
                0x08002e98       0x3a Middlewares\ST\STM32_USB_Device_Library\Class\CDC\Src\usbd_cdc.o
 .text.USBD_CDC_Init
                0x08002ed2       0x8c Middlewares\ST\STM32_USB_Device_Library\Class\CDC\Src\usbd_cdc.o
 .text.USBD_CDC_RegisterInterface
                0x08002f5e        0xe Middlewares\ST\STM32_USB_Device_Library\Class\CDC\Src\usbd_cdc.o
                0x08002f5e                USBD_CDC_RegisterInterface
 .text.USBD_CDC_SetTxBuffer
                0x08002f6c       0x10 Middlewares\ST\STM32_USB_Device_Library\Class\CDC\Src\usbd_cdc.o
                0x08002f6c                USBD_CDC_SetTxBuffer
 .text.USBD_CDC_SetRxBuffer
                0x08002f7c        0xc Middlewares\ST\STM32_USB_Device_Library\Class\CDC\Src\usbd_cdc.o
                0x08002f7c                USBD_CDC_SetRxBuffer
 .text.USBD_CDC_TransmitPacket
                0x08002f88       0x2e Middlewares\ST\STM32_USB_Device_Library\Class\CDC\Src\usbd_cdc.o
                0x08002f88                USBD_CDC_TransmitPacket
 .text.USBD_CDC_ReceivePacket
                0x08002fb6       0x26 Middlewares\ST\STM32_USB_Device_Library\Class\CDC\Src\usbd_cdc.o
                0x08002fb6                USBD_CDC_ReceivePacket
 .text.USBD_Init
                0x08002fdc       0x2a Middlewares\ST\STM32_USB_Device_Library\Core\Src\usbd_core.o
                0x08002fdc                USBD_Init
 .text.USBD_RegisterClass
                0x08003006        0xe Middlewares\ST\STM32_USB_Device_Library\Core\Src\usbd_core.o
                0x08003006                USBD_RegisterClass
 .text.USBD_Start
                0x08003014        0xa Middlewares\ST\STM32_USB_Device_Library\Core\Src\usbd_core.o
                0x08003014                USBD_Start
 .text.USBD_SetClassConfig
                0x0800301e       0x16 Middlewares\ST\STM32_USB_Device_Library\Core\Src\usbd_core.o
                0x0800301e                USBD_SetClassConfig
 .text.USBD_ClrClassConfig
                0x08003034        0xe Middlewares\ST\STM32_USB_Device_Library\Core\Src\usbd_core.o
                0x08003034                USBD_ClrClassConfig
 .text.USBD_LL_SetupStage
                0x08003042       0x5a Middlewares\ST\STM32_USB_Device_Library\Core\Src\usbd_core.o
                0x08003042                USBD_LL_SetupStage
 .text.USBD_LL_DataOutStage
                0x0800309c       0x64 Middlewares\ST\STM32_USB_Device_Library\Core\Src\usbd_core.o
                0x0800309c                USBD_LL_DataOutStage
 .text.USBD_LL_DataInStage
                0x08003100       0x9e Middlewares\ST\STM32_USB_Device_Library\Core\Src\usbd_core.o
                0x08003100                USBD_LL_DataInStage
 .text.USBD_LL_Reset
                0x0800319e       0x3e Middlewares\ST\STM32_USB_Device_Library\Core\Src\usbd_core.o
                0x0800319e                USBD_LL_Reset
 .text.USBD_LL_SetSpeed
                0x080031dc        0x6 Middlewares\ST\STM32_USB_Device_Library\Core\Src\usbd_core.o
                0x080031dc                USBD_LL_SetSpeed
 .text.USBD_LL_Suspend
                0x080031e2       0x12 Middlewares\ST\STM32_USB_Device_Library\Core\Src\usbd_core.o
                0x080031e2                USBD_LL_Suspend
 .text.USBD_LL_Resume
                0x080031f4        0xc Middlewares\ST\STM32_USB_Device_Library\Core\Src\usbd_core.o
                0x080031f4                USBD_LL_Resume
 .text.USBD_LL_SOF
                0x08003200       0x18 Middlewares\ST\STM32_USB_Device_Library\Core\Src\usbd_core.o
                0x08003200                USBD_LL_SOF
 .text.USBD_CtlError.constprop.0
                0x08003218       0x16 Middlewares\ST\STM32_USB_Device_Library\Core\Src\usbd_ctlreq.o
 *fill*         0x0800322e        0x2 
 .text.USBD_StdDevReq
                0x08003230      0x1f4 Middlewares\ST\STM32_USB_Device_Library\Core\Src\usbd_ctlreq.o
                0x08003230                USBD_StdDevReq
 .text.USBD_StdItfReq
                0x08003424       0x30 Middlewares\ST\STM32_USB_Device_Library\Core\Src\usbd_ctlreq.o
                0x08003424                USBD_StdItfReq
 .text.USBD_StdEPReq
                0x08003454       0xc6 Middlewares\ST\STM32_USB_Device_Library\Core\Src\usbd_ctlreq.o
                0x08003454                USBD_StdEPReq
 .text.USBD_ParseSetupRequest
                0x0800351a       0x28 Middlewares\ST\STM32_USB_Device_Library\Core\Src\usbd_ctlreq.o
                0x0800351a                USBD_ParseSetupRequest
 .text.USBD_GetString
                0x08003542       0x38 Middlewares\ST\STM32_USB_Device_Library\Core\Src\usbd_ctlreq.o
                0x08003542                USBD_GetString
 .text.USBD_CtlSendData
                0x0800357a       0x1a Middlewares\ST\STM32_USB_Device_Library\Core\Src\usbd_ioreq.o
                0x0800357a                USBD_CtlSendData
 .text.USBD_CtlContinueSendData
                0x08003594       0x10 Middlewares\ST\STM32_USB_Device_Library\Core\Src\usbd_ioreq.o
                0x08003594                USBD_CtlContinueSendData
 .text.USBD_CtlPrepareRx
                0x080035a4       0x1e Middlewares\ST\STM32_USB_Device_Library\Core\Src\usbd_ioreq.o
                0x080035a4                USBD_CtlPrepareRx
 .text.USBD_CtlContinueRx
                0x080035c2       0x10 Middlewares\ST\STM32_USB_Device_Library\Core\Src\usbd_ioreq.o
                0x080035c2                USBD_CtlContinueRx
 .text.USBD_CtlSendStatus
                0x080035d2       0x16 Middlewares\ST\STM32_USB_Device_Library\Core\Src\usbd_ioreq.o
                0x080035d2                USBD_CtlSendStatus
 .text.USBD_CtlReceiveStatus
                0x080035e8       0x16 Middlewares\ST\STM32_USB_Device_Library\Core\Src\usbd_ioreq.o
                0x080035e8                USBD_CtlReceiveStatus
 *fill*         0x080035fe        0x2 
 .text._usart_enable_halfduplex
                0x08003600       0x30 Src\OneWire.o
                0x08003600                _usart_enable_halfduplex
 .text.usart_setup_
                0x08003630       0x1c Src\OneWire.o
                0x08003630                usart_setup_
 .text.owInit   0x0800364c       0x32 Src\OneWire.o
                0x0800364c                owInit
 *fill*         0x0800367e        0x2 
 .text.owReadHandler
                0x08003680       0x34 Src\OneWire.o
                0x08003680                owReadHandler
 .text.owSend   0x080036b4       0x24 Src\OneWire.o
                0x080036b4                owSend
 .text.owEchoRead
                0x080036d8       0x24 Src\OneWire.o
                0x080036d8                owEchoRead
 .text.owResetCmd
                0x080036fc       0x2c Src\OneWire.o
                0x080036fc                owResetCmd
 .text.byteToBits
                0x08003728       0x20 Src\OneWire.o
                0x08003728                byteToBits
 .text.owSendByte
                0x08003748       0x1e Src\OneWire.o
                0x08003748                owSendByte
 .text.owCRC    0x08003766       0x3c Src\OneWire.o
                0x08003766                owCRC
 .text.owCRC8   0x080037a2        0x6 Src\OneWire.o
                0x080037a2                owCRC8
 .text.hasNextRom
                0x080037a8       0xd8 Src\OneWire.o
                0x080037a8                hasNextRom
 .text.owSearchCmd
                0x08003880       0x2c Src\OneWire.o
                0x08003880                owSearchCmd
 .text.owMatchRomCmd
                0x080038ac       0x20 Src\OneWire.o
                0x080038ac                owMatchRomCmd
 .text.owConvertTemperatureCmd
                0x080038cc       0x12 Src\OneWire.o
                0x080038cc                owConvertTemperatureCmd
 .text.owReadScratchpadCmd
                0x080038de       0x5a Src\OneWire.o
                0x080038de                owReadScratchpadCmd
 .text.readTemperature
                0x08003938       0x88 Src\OneWire.o
                0x08003938                readTemperature
 .text.EE_Format
                0x080039c0       0x3c Src\eeprom.o
                0x080039c0                EE_Format
 .text.EE_Read  0x080039fc       0x1c Src\eeprom.o
                0x080039fc                EE_Read
 .text.EE_Reads
                0x08003a18       0x28 Src\eeprom.o
                0x08003a18                EE_Reads
 .text.EE_Write
                0x08003a40       0x9c Src\eeprom.o
                0x08003a40                EE_Write
 .text.button_press.part.1
                0x08003adc       0x30 Src\main.o
 .text.WriteDefaultsConstantToEEP
                0x08003b0c       0x2a Src\main.o
                0x08003b0c                WriteDefaultsConstantToEEP
 *fill*         0x08003b36        0x2 
 .text.WriteValuesToEEprom
                0x08003b38       0x40 Src\main.o
                0x08003b38                WriteValuesToEEprom
 .text.ReadConstantsFromEEP
                0x08003b78       0x4c Src\main.o
                0x08003b78                ReadConstantsFromEEP
 .text.ReadEEprom
                0x08003bc4       0x2c Src\main.o
                0x08003bc4                ReadEEprom
 .text.SystemClock_Config
                0x08003bf0       0x7e Src\main.o
                0x08003bf0                SystemClock_Config
 *fill*         0x08003c6e        0x2 
 .text.button_press
                0x08003c70       0x40 Src\main.o
                0x08003c70                button_press
 .text.SetPower
                0x08003cb0       0x22 Src\main.o
                0x08003cb0                SetPower
 *fill*         0x08003cd2        0x2 
 .text.get_ROMid
                0x08003cd4      0x13c Src\main.o
                0x08003cd4                get_ROMid
 .text.CheckAndSetPower
                0x08003e10      0x124 Src\main.o
                0x08003e10                CheckAndSetPower
 .text.MX_USART2_UART_Init
                0x08003f34       0x30 Src\main.o
                0x08003f34                MX_USART2_UART_Init
 .text.startup.main
                0x08003f64      0x4d0 Src\main.o
                0x08003f64                main
 .text._Error_Handler
                0x08004434        0x2 Src\main.o
                0x08004434                _Error_Handler
 *fill*         0x08004436        0x2 
 .text.HAL_MspInit
                0x08004438       0xa0 Src\stm32f1xx_hal_msp.o
                0x08004438                HAL_MspInit
 .text.HAL_TIM_Base_MspInit
                0x080044d8       0x36 Src\stm32f1xx_hal_msp.o
                0x080044d8                HAL_TIM_Base_MspInit
 *fill*         0x0800450e        0x2 
 .text.HAL_UART_MspInit
                0x08004510       0xa0 Src\stm32f1xx_hal_msp.o
                0x08004510                HAL_UART_MspInit
 .text.NMI_Handler
                0x080045b0        0x2 Src\stm32f1xx_it.o
                0x080045b0                NMI_Handler
 .text.HardFault_Handler
                0x080045b2        0x2 Src\stm32f1xx_it.o
                0x080045b2                HardFault_Handler
 .text.MemManage_Handler
                0x080045b4        0x2 Src\stm32f1xx_it.o
                0x080045b4                MemManage_Handler
 .text.BusFault_Handler
                0x080045b6        0x2 Src\stm32f1xx_it.o
                0x080045b6                BusFault_Handler
 .text.UsageFault_Handler
                0x080045b8        0x2 Src\stm32f1xx_it.o
                0x080045b8                UsageFault_Handler
 .text.SVC_Handler
                0x080045ba        0x2 Src\stm32f1xx_it.o
                0x080045ba                SVC_Handler
 .text.DebugMon_Handler
                0x080045bc        0x2 Src\stm32f1xx_it.o
                0x080045bc                DebugMon_Handler
 .text.PendSV_Handler
                0x080045be        0x2 Src\stm32f1xx_it.o
                0x080045be                PendSV_Handler
 .text.SysTick_Handler
                0x080045c0        0xe Src\stm32f1xx_it.o
                0x080045c0                SysTick_Handler
 *fill*         0x080045ce        0x2 
 .text.USB_LP_CAN1_RX0_IRQHandler
                0x080045d0        0xc Src\stm32f1xx_it.o
                0x080045d0                USB_LP_CAN1_RX0_IRQHandler
 .text.TIM2_IRQHandler
                0x080045dc       0x20 Src\stm32f1xx_it.o
                0x080045dc                TIM2_IRQHandler
 .text.USART2_IRQHandler
                0x080045fc       0x14 Src\stm32f1xx_it.o
                0x080045fc                USART2_IRQHandler
 .text.SystemInit
                0x08004610       0x4c Src\system_stm32f1xx.o
                0x08004610                SystemInit
 .text.MX_USB_DEVICE_Init
                0x0800465c       0x38 Src\usb_device.o
                0x0800465c                MX_USB_DEVICE_Init
 .text.CDC_DeInit_FS
                0x08004694        0x4 Src\usbd_cdc_if.o
 .text.CDC_Control_FS
                0x08004698        0x4 Src\usbd_cdc_if.o
 .text.CDC_Receive_FS
                0x0800469c      0x140 Src\usbd_cdc_if.o
 .text.CDC_Init_FS
                0x080047dc       0x28 Src\usbd_cdc_if.o
 .text.CDC_Transmit_FS
                0x08004804       0x2c Src\usbd_cdc_if.o
                0x08004804                CDC_Transmit_FS
 .text.HAL_PCD_MspInit
                0x08004830       0x3c Src\usbd_conf.o
                0x08004830                HAL_PCD_MspInit
 .text.HAL_PCD_SetupStageCallback
                0x0800486c        0xc Src\usbd_conf.o
                0x0800486c                HAL_PCD_SetupStageCallback
 .text.HAL_PCD_DataOutStageCallback
                0x08004878       0x10 Src\usbd_conf.o
                0x08004878                HAL_PCD_DataOutStageCallback
 .text.HAL_PCD_DataInStageCallback
                0x08004888        0xe Src\usbd_conf.o
                0x08004888                HAL_PCD_DataInStageCallback
 .text.HAL_PCD_SOFCallback
                0x08004896        0x8 Src\usbd_conf.o
                0x08004896                HAL_PCD_SOFCallback
 .text.HAL_PCD_ResetCallback
                0x0800489e       0x1a Src\usbd_conf.o
                0x0800489e                HAL_PCD_ResetCallback
 .text.HAL_PCD_SuspendCallback
                0x080048b8       0x20 Src\usbd_conf.o
                0x080048b8                HAL_PCD_SuspendCallback
 .text.HAL_PCD_ResumeCallback
                0x080048d8        0x8 Src\usbd_conf.o
                0x080048d8                HAL_PCD_ResumeCallback
 .text.USBD_LL_Init
                0x080048e0       0x90 Src\usbd_conf.o
                0x080048e0                USBD_LL_Init
 .text.USBD_LL_Start
                0x08004970       0x1c Src\usbd_conf.o
                0x08004970                USBD_LL_Start
 .text.USBD_LL_OpenEP
                0x0800498c       0x20 Src\usbd_conf.o
                0x0800498c                USBD_LL_OpenEP
 .text.USBD_LL_CloseEP
                0x080049ac       0x1c Src\usbd_conf.o
                0x080049ac                USBD_LL_CloseEP
 .text.USBD_LL_StallEP
                0x080049c8       0x1c Src\usbd_conf.o
                0x080049c8                USBD_LL_StallEP
 .text.USBD_LL_ClearStallEP
                0x080049e4       0x1c Src\usbd_conf.o
                0x080049e4                USBD_LL_ClearStallEP
 .text.USBD_LL_IsStallEP
                0x08004a00       0x20 Src\usbd_conf.o
                0x08004a00                USBD_LL_IsStallEP
 .text.USBD_LL_SetUSBAddress
                0x08004a20       0x1c Src\usbd_conf.o
                0x08004a20                USBD_LL_SetUSBAddress
 .text.USBD_LL_Transmit
                0x08004a3c       0x1c Src\usbd_conf.o
                0x08004a3c                USBD_LL_Transmit
 .text.USBD_LL_PrepareReceive
                0x08004a58       0x1c Src\usbd_conf.o
                0x08004a58                USBD_LL_PrepareReceive
 .text.USBD_LL_GetRxDataSize
                0x08004a74        0xc Src\usbd_conf.o
                0x08004a74                USBD_LL_GetRxDataSize
 .text.USBD_static_malloc
                0x08004a80        0x8 Src\usbd_conf.o
                0x08004a80                USBD_static_malloc
 .text.USBD_static_free
                0x08004a88        0x2 Src\usbd_conf.o
                0x08004a88                USBD_static_free
 .text.HAL_PCDEx_SetConnectionState
                0x08004a8a        0x2 Src\usbd_conf.o
                0x08004a8a                HAL_PCDEx_SetConnectionState
 .text.USBD_FS_DeviceDescriptor
                0x08004a8c        0xc Src\usbd_desc.o
                0x08004a8c                USBD_FS_DeviceDescriptor
 .text.USBD_FS_LangIDStrDescriptor
                0x08004a98        0xc Src\usbd_desc.o
                0x08004a98                USBD_FS_LangIDStrDescriptor
 .text.USBD_FS_ManufacturerStrDescriptor
                0x08004aa4       0x1c Src\usbd_desc.o
                0x08004aa4                USBD_FS_ManufacturerStrDescriptor
 .text.USBD_FS_ProductStrDescriptor
                0x08004ac0       0x1c Src\usbd_desc.o
                0x08004ac0                USBD_FS_ProductStrDescriptor
 .text.USBD_FS_SerialStrDescriptor
                0x08004adc       0x1c Src\usbd_desc.o
                0x08004adc                USBD_FS_SerialStrDescriptor
 .text.USBD_FS_ConfigStrDescriptor
                0x08004af8       0x1c Src\usbd_desc.o
                0x08004af8                USBD_FS_ConfigStrDescriptor
 .text.USBD_FS_InterfaceStrDescriptor
                0x08004b14       0x1c Src\usbd_desc.o
                0x08004b14                USBD_FS_InterfaceStrDescriptor
 .text.Reset_Handler
                0x08004b30       0x48 startup\startup_stm32f103xb.o
                0x08004b30                Reset_Handler
 .text.Default_Handler
                0x08004b78        0x2 startup\startup_stm32f103xb.o
                0x08004b78                RTC_Alarm_IRQHandler
                0x08004b78                EXTI2_IRQHandler
                0x08004b78                TIM1_CC_IRQHandler
                0x08004b78                PVD_IRQHandler
                0x08004b78                EXTI3_IRQHandler
                0x08004b78                EXTI0_IRQHandler
                0x08004b78                I2C2_EV_IRQHandler
                0x08004b78                ADC1_2_IRQHandler
                0x08004b78                SPI1_IRQHandler
                0x08004b78                TAMPER_IRQHandler
                0x08004b78                DMA1_Channel4_IRQHandler
                0x08004b78                USART3_IRQHandler
                0x08004b78                RTC_IRQHandler
                0x08004b78                DMA1_Channel7_IRQHandler
                0x08004b78                CAN1_RX1_IRQHandler
                0x08004b78                TIM4_IRQHandler
                0x08004b78                I2C1_EV_IRQHandler
                0x08004b78                DMA1_Channel6_IRQHandler
                0x08004b78                TIM3_IRQHandler
                0x08004b78                RCC_IRQHandler
                0x08004b78                TIM1_TRG_COM_IRQHandler
                0x08004b78                DMA1_Channel1_IRQHandler
                0x08004b78                Default_Handler
                0x08004b78                EXTI15_10_IRQHandler
                0x08004b78                EXTI9_5_IRQHandler
                0x08004b78                SPI2_IRQHandler
                0x08004b78                DMA1_Channel5_IRQHandler
                0x08004b78                EXTI4_IRQHandler
                0x08004b78                USB_HP_CAN1_TX_IRQHandler
                0x08004b78                DMA1_Channel3_IRQHandler
                0x08004b78                TIM1_UP_IRQHandler
                0x08004b78                WWDG_IRQHandler
                0x08004b78                TIM1_BRK_IRQHandler
                0x08004b78                EXTI1_IRQHandler
                0x08004b78                I2C2_ER_IRQHandler
                0x08004b78                DMA1_Channel2_IRQHandler
                0x08004b78                CAN1_SCE_IRQHandler
                0x08004b78                FLASH_IRQHandler
                0x08004b78                USART1_IRQHandler
                0x08004b78                I2C1_ER_IRQHandler
                0x08004b78                USBWakeUp_IRQHandler
 *fill*         0x08004b7a        0x2 
 .text.__libc_init_array
                0x08004b7c       0x48 c:/program files (x86)/atollic/truestudio for stm32 9.3.0/armtools/bin/../lib/gcc/arm-atollic-eabi/6.3.1/../../../../arm-atollic-eabi/lib/armv7-m\libc_nano.a(lib_a-init.o)
                0x08004b7c                __libc_init_array
 .text.snprintf
                0x08004bc4       0x68 c:/program files (x86)/atollic/truestudio for stm32 9.3.0/armtools/bin/../lib/gcc/arm-atollic-eabi/6.3.1/../../../../arm-atollic-eabi/lib/armv7-m\libc_nano.a(lib_a-snprintf.o)
                0x08004bc4                sniprintf
                0x08004bc4                snprintf
 .text.strcpy   0x08004c2c       0x10 c:/program files (x86)/atollic/truestudio for stm32 9.3.0/armtools/bin/../lib/gcc/arm-atollic-eabi/6.3.1/../../../../arm-atollic-eabi/lib/armv7-m\libc_nano.a(lib_a-strcpy.o)
                0x08004c2c                strcpy
 .text.strncpy  0x08004c3c       0x2a c:/program files (x86)/atollic/truestudio for stm32 9.3.0/armtools/bin/../lib/gcc/arm-atollic-eabi/6.3.1/../../../../arm-atollic-eabi/lib/armv7-m\libc_nano.a(lib_a-strncpy.o)
                0x08004c3c                strncpy
 .text.strstr   0x08004c66       0x36 c:/program files (x86)/atollic/truestudio for stm32 9.3.0/armtools/bin/../lib/gcc/arm-atollic-eabi/6.3.1/../../../../arm-atollic-eabi/lib/armv7-m\libc_nano.a(lib_a-strstr.o)
                0x08004c66                strstr
 .text.__ssputs_r
                0x08004c9c       0xb6 c:/program files (x86)/atollic/truestudio for stm32 9.3.0/armtools/bin/../lib/gcc/arm-atollic-eabi/6.3.1/../../../../arm-atollic-eabi/lib/armv7-m\libc_nano.a(lib_a-nano-svfprintf.o)
                0x08004c9c                __ssputs_r
 *fill*         0x08004d52        0x2 
 .text._svfprintf_r
                0x08004d54      0x1e8 c:/program files (x86)/atollic/truestudio for stm32 9.3.0/armtools/bin/../lib/gcc/arm-atollic-eabi/6.3.1/../../../../arm-atollic-eabi/lib/armv7-m\libc_nano.a(lib_a-nano-svfprintf.o)
                0x08004d54                _svfiprintf_r
                0x08004d54                _svfprintf_r
 .text._printf_common
                0x08004f3c       0xee c:/program files (x86)/atollic/truestudio for stm32 9.3.0/armtools/bin/../lib/gcc/arm-atollic-eabi/6.3.1/../../../../arm-atollic-eabi/lib/armv7-m\libc_nano.a(lib_a-nano-vfprintf_i.o)
                0x08004f3c                _printf_common
 *fill*         0x0800502a        0x2 
 .text._printf_i
                0x0800502c      0x240 c:/program files (x86)/atollic/truestudio for stm32 9.3.0/armtools/bin/../lib/gcc/arm-atollic-eabi/6.3.1/../../../../arm-atollic-eabi/lib/armv7-m\libc_nano.a(lib_a-nano-vfprintf_i.o)
                0x0800502c                _printf_i
 .text.memchr   0x0800526c       0x1c c:/program files (x86)/atollic/truestudio for stm32 9.3.0/armtools/bin/../lib/gcc/arm-atollic-eabi/6.3.1/../../../../arm-atollic-eabi/lib/armv7-m\libc_nano.a(lib_a-memchr-stub.o)
                0x0800526c                memchr
 .text.memcpy   0x08005288       0x16 c:/program files (x86)/atollic/truestudio for stm32 9.3.0/armtools/bin/../lib/gcc/arm-atollic-eabi/6.3.1/../../../../arm-atollic-eabi/lib/armv7-m\libc_nano.a(lib_a-memcpy-stub.o)
                0x08005288                memcpy
 .text.memmove  0x0800529e       0x34 c:/program files (x86)/atollic/truestudio for stm32 9.3.0/armtools/bin/../lib/gcc/arm-atollic-eabi/6.3.1/../../../../arm-atollic-eabi/lib/armv7-m\libc_nano.a(lib_a-memmove.o)
                0x0800529e                memmove
 *fill*         0x080052d2        0x2 
 .text._free_r  0x080052d4       0x98 c:/program files (x86)/atollic/truestudio for stm32 9.3.0/armtools/bin/../lib/gcc/arm-atollic-eabi/6.3.1/../../../../arm-atollic-eabi/lib/armv7-m\libc_nano.a(lib_a-nano-freer.o)
                0x080052d4                _free_r
 .text._malloc_r
                0x0800536c       0xbc c:/program files (x86)/atollic/truestudio for stm32 9.3.0/armtools/bin/../lib/gcc/arm-atollic-eabi/6.3.1/../../../../arm-atollic-eabi/lib/armv7-m\libc_nano.a(lib_a-nano-mallocr.o)
                0x0800536c                _malloc_r
 .text._realloc_r
                0x08005428       0x4c c:/program files (x86)/atollic/truestudio for stm32 9.3.0/armtools/bin/../lib/gcc/arm-atollic-eabi/6.3.1/../../../../arm-atollic-eabi/lib/armv7-m\libc_nano.a(lib_a-nano-reallocr.o)
                0x08005428                _realloc_r
 .text._sbrk_r  0x08005474       0x20 c:/program files (x86)/atollic/truestudio for stm32 9.3.0/armtools/bin/../lib/gcc/arm-atollic-eabi/6.3.1/../../../../arm-atollic-eabi/lib/armv7-m\libc_nano.a(lib_a-sbrkr.o)
                0x08005474                _sbrk_r
 .text.__malloc_lock
                0x08005494        0x2 c:/program files (x86)/atollic/truestudio for stm32 9.3.0/armtools/bin/../lib/gcc/arm-atollic-eabi/6.3.1/../../../../arm-atollic-eabi/lib/armv7-m\libc_nano.a(lib_a-mlock.o)
                0x08005494                __malloc_lock
 .text.__malloc_unlock
                0x08005496        0x2 c:/program files (x86)/atollic/truestudio for stm32 9.3.0/armtools/bin/../lib/gcc/arm-atollic-eabi/6.3.1/../../../../arm-atollic-eabi/lib/armv7-m\libc_nano.a(lib_a-mlock.o)
                0x08005496                __malloc_unlock
 .text._malloc_usable_size_r
                0x08005498       0x12 c:/program files (x86)/atollic/truestudio for stm32 9.3.0/armtools/bin/../lib/gcc/arm-atollic-eabi/6.3.1/../../../../arm-atollic-eabi/lib/armv7-m\libc_nano.a(lib_a-nano-msizer.o)
                0x08005498                _malloc_usable_size_r
 *fill*         0x080054aa        0x2 
 .text._sbrk    0x080054ac       0x1c c:/program files (x86)/atollic/truestudio for stm32 9.3.0/armtools/bin/../lib/gcc/arm-atollic-eabi/6.3.1/../../../../arm-atollic-eabi/lib/armv7-m\libnosys.a(sbrk.o)
                0x080054ac                _sbrk
 *(.glue_7)
 .glue_7        0x080054c8        0x0 linker stubs
 *(.glue_7t)
 .glue_7t       0x080054c8        0x0 linker stubs
 *(.eh_frame)
 .eh_frame      0x080054c8        0x0 c:/program files (x86)/atollic/truestudio for stm32 9.3.0/armtools/bin/../lib/gcc/arm-atollic-eabi/6.3.1/armv7-m/crtbegin.o
 *(.init)
 .init          0x080054c8        0x4 c:/program files (x86)/atollic/truestudio for stm32 9.3.0/armtools/bin/../lib/gcc/arm-atollic-eabi/6.3.1/armv7-m/crti.o
                0x080054c8                _init
 .init          0x080054cc        0x8 c:/program files (x86)/atollic/truestudio for stm32 9.3.0/armtools/bin/../lib/gcc/arm-atollic-eabi/6.3.1/armv7-m/crtn.o
 *(.fini)
 .fini          0x080054d4        0x4 c:/program files (x86)/atollic/truestudio for stm32 9.3.0/armtools/bin/../lib/gcc/arm-atollic-eabi/6.3.1/armv7-m/crti.o
                0x080054d4                _fini
 .fini          0x080054d8        0x8 c:/program files (x86)/atollic/truestudio for stm32 9.3.0/armtools/bin/../lib/gcc/arm-atollic-eabi/6.3.1/armv7-m/crtn.o
                0x080054e0                . = ALIGN (0x4)
                0x080054e0                _etext = .

.vfp11_veneer   0x080054e0        0x0
 .vfp11_veneer  0x080054e0        0x0 linker stubs

.v4_bx          0x080054e0        0x0
 .v4_bx         0x080054e0        0x0 linker stubs

.iplt           0x080054e0        0x0
 .iplt          0x080054e0        0x0 c:/program files (x86)/atollic/truestudio for stm32 9.3.0/armtools/bin/../lib/gcc/arm-atollic-eabi/6.3.1/armv7-m/crtbegin.o

.rodata         0x080054e0      0x38c
                0x080054e0                . = ALIGN (0x4)
 *(.rodata)
 .rodata        0x080054e0       0x10 Drivers\STM32F1xx_HAL_Driver\Src\stm32f1xx_hal_rcc.o
 *(.rodata*)
 .rodata.CheckAndSetPower.str1.1
                0x080054f0       0x1f Src\main.o
 .rodata.get_ROMid.str1.1
                0x0800550f       0x90 Src\main.o
 .rodata.main.str1.1
                0x0800559f      0x1e8 Src\main.o
                                0x221 (size before relaxing)
 .rodata.AHBPrescTable
                0x08005787       0x10 Src\system_stm32f1xx.o
                0x08005787                AHBPrescTable
 .rodata.APBPrescTable
                0x08005797        0x8 Src\system_stm32f1xx.o
                0x08005797                APBPrescTable
 .rodata.CDC_Receive_FS.str1.1
                0x0800579f       0x33 Src\usbd_cdc_if.o
 .rodata.CSWTCH.39
                0x080057d2        0x4 Src\usbd_conf.o
 .rodata.USBD_LL_Init.str1.1
                0x080057d6       0x13 Src\usbd_conf.o
 .rodata.USBD_FS_ConfigStrDescriptor.str1.1
                0x080057e9        0xb Src\usbd_desc.o
 .rodata.USBD_FS_InterfaceStrDescriptor.str1.1
                0x080057f4        0xe Src\usbd_desc.o
 .rodata.USBD_FS_ManufacturerStrDescriptor.str1.1
                0x08005802       0x13 Src\usbd_desc.o
 .rodata.USBD_FS_ProductStrDescriptor.str1.1
                0x08005815       0x16 Src\usbd_desc.o
 .rodata.USBD_FS_SerialStrDescriptor.str1.1
                0x0800582b        0xd Src\usbd_desc.o
 .rodata._svfprintf_r.str1.1
                0x08005838       0x11 c:/program files (x86)/atollic/truestudio for stm32 9.3.0/armtools/bin/../lib/gcc/arm-atollic-eabi/6.3.1/../../../../arm-atollic-eabi/lib/armv7-m\libc_nano.a(lib_a-nano-svfprintf.o)
 .rodata._printf_i.str1.1
                0x08005849       0x22 c:/program files (x86)/atollic/truestudio for stm32 9.3.0/armtools/bin/../lib/gcc/arm-atollic-eabi/6.3.1/../../../../arm-atollic-eabi/lib/armv7-m\libc_nano.a(lib_a-nano-vfprintf_i.o)
                0x0800586c                . = ALIGN (0x4)
 *fill*         0x0800586b        0x1 

.rel.dyn        0x0800586c        0x0
 .rel.iplt      0x0800586c        0x0 c:/program files (x86)/atollic/truestudio for stm32 9.3.0/armtools/bin/../lib/gcc/arm-atollic-eabi/6.3.1/armv7-m/crtbegin.o

.ARM.extab
 *(.ARM.extab* .gnu.linkonce.armextab.*)

.ARM            0x0800586c        0x0
                0x0800586c                __exidx_start = .
 *(.ARM.exidx*)
                0x0800586c                __exidx_end = .

.preinit_array  0x0800586c        0x0
                0x0800586c                PROVIDE (__preinit_array_start, .)
 *(.preinit_array*)
                0x0800586c                PROVIDE (__preinit_array_end, .)

.init_array     0x0800586c        0x4
                0x0800586c                PROVIDE (__init_array_start, .)
 *(SORT(.init_array.*))
 *(.init_array*)
 .init_array    0x0800586c        0x4 c:/program files (x86)/atollic/truestudio for stm32 9.3.0/armtools/bin/../lib/gcc/arm-atollic-eabi/6.3.1/armv7-m/crtbegin.o
                0x08005870                PROVIDE (__init_array_end, .)

.fini_array     0x08005870        0x4
                [!provide]                PROVIDE (__fini_array_start, .)
 *(SORT(.fini_array.*))
 *(.fini_array*)
 .fini_array    0x08005870        0x4 c:/program files (x86)/atollic/truestudio for stm32 9.3.0/armtools/bin/../lib/gcc/arm-atollic-eabi/6.3.1/armv7-m/crtbegin.o
                [!provide]                PROVIDE (__fini_array_end, .)
                0x08005874                _sidata = LOADADDR (.data)

.data           0x20000000      0x1c8 load address 0x08005874
                0x20000000                . = ALIGN (0x4)
                0x20000000                _sdata = .
 *(.data)
 *(.data*)
 .data.uwTickFreq
                0x20000000        0x1 Drivers\STM32F1xx_HAL_Driver\Src\stm32f1xx_hal.o
                0x20000000                uwTickFreq
 *fill*         0x20000001        0x3 
 .data.uwTickPrio
                0x20000004        0x4 Drivers\STM32F1xx_HAL_Driver\Src\stm32f1xx_hal.o
                0x20000004                uwTickPrio
 .data.USBD_CDC
                0x20000008       0x38 Middlewares\ST\STM32_USB_Device_Library\Class\CDC\Src\usbd_cdc.o
                0x20000008                USBD_CDC
 .data.USBD_CDC_CfgFSDesc
                0x20000040       0x43 Middlewares\ST\STM32_USB_Device_Library\Class\CDC\Src\usbd_cdc.o
                0x20000040                USBD_CDC_CfgFSDesc
 *fill*         0x20000083        0x1 
 .data.USBD_CDC_CfgHSDesc
                0x20000084       0x43 Middlewares\ST\STM32_USB_Device_Library\Class\CDC\Src\usbd_cdc.o
                0x20000084                USBD_CDC_CfgHSDesc
 *fill*         0x200000c7        0x1 
 .data.USBD_CDC_DeviceQualifierDesc
                0x200000c8        0xa Middlewares\ST\STM32_USB_Device_Library\Class\CDC\Src\usbd_cdc.o
 *fill*         0x200000d2        0x2 
 .data.USBD_CDC_OtherSpeedCfgDesc
                0x200000d4       0x43 Middlewares\ST\STM32_USB_Device_Library\Class\CDC\Src\usbd_cdc.o
                0x200000d4                USBD_CDC_OtherSpeedCfgDesc
 *fill*         0x20000117        0x1 
 .data.pDelay   0x20000118        0x4 Src\main.o
                0x20000118                pDelay
 .data.SystemCoreClock
                0x2000011c        0x4 Src\system_stm32f1xx.o
                0x2000011c                SystemCoreClock
 .data.USBD_Interface_fops_FS
                0x20000120       0x10 Src\usbd_cdc_if.o
                0x20000120                USBD_Interface_fops_FS
 .data.FS_Desc  0x20000130       0x1c Src\usbd_desc.o
                0x20000130                FS_Desc
 .data.USBD_FS_DeviceDesc
                0x2000014c       0x12 Src\usbd_desc.o
                0x2000014c                USBD_FS_DeviceDesc
 *fill*         0x2000015e        0x2 
 .data.USBD_LangIDDesc
                0x20000160        0x4 Src\usbd_desc.o
                0x20000160                USBD_LangIDDesc
 .data._impure_ptr
                0x20000164        0x4 c:/program files (x86)/atollic/truestudio for stm32 9.3.0/armtools/bin/../lib/gcc/arm-atollic-eabi/6.3.1/../../../../arm-atollic-eabi/lib/armv7-m\libc_nano.a(lib_a-impure.o)
                0x20000164                _impure_ptr
 .data.impure_data
                0x20000168       0x60 c:/program files (x86)/atollic/truestudio for stm32 9.3.0/armtools/bin/../lib/gcc/arm-atollic-eabi/6.3.1/../../../../arm-atollic-eabi/lib/armv7-m\libc_nano.a(lib_a-impure.o)
                0x200001c8                . = ALIGN (0x4)
                0x200001c8                _edata = .

.igot.plt       0x200001c8        0x0 load address 0x08005a3c
 .igot.plt      0x200001c8        0x0 c:/program files (x86)/atollic/truestudio for stm32 9.3.0/armtools/bin/../lib/gcc/arm-atollic-eabi/6.3.1/armv7-m/crtbegin.o
                0x200001c8                . = ALIGN (0x4)

.bss            0x200001c8     0x1c84 load address 0x08005a3c
                0x200001c8                _sbss = .
                0x200001c8                __bss_start__ = _sbss
 *(.bss)
 .bss           0x200001c8       0x1c c:/program files (x86)/atollic/truestudio for stm32 9.3.0/armtools/bin/../lib/gcc/arm-atollic-eabi/6.3.1/armv7-m/crtbegin.o
 *(.bss*)
 .bss.ifalt.8109
                0x200001e4        0x1 Middlewares\ST\STM32_USB_Device_Library\Class\CDC\Src\usbd_cdc.o
 .bss.cfgidx.8114
                0x200001e5        0x1 Middlewares\ST\STM32_USB_Device_Library\Core\Src\usbd_ctlreq.o
 .bss.profile_num
                0x200001e6        0x1 Src\main.o
                0x200001e6                profile_num
 *fill*         0x200001e7        0x1 
 .bss.mem.8268  0x200001e8      0x220 Src\usbd_conf.o
 .bss.__malloc_free_list
                0x20000408        0x4 c:/program files (x86)/atollic/truestudio for stm32 9.3.0/armtools/bin/../lib/gcc/arm-atollic-eabi/6.3.1/../../../../arm-atollic-eabi/lib/armv7-m\libc_nano.a(lib_a-nano-mallocr.o)
                0x20000408                __malloc_free_list
 .bss.__malloc_sbrk_start
                0x2000040c        0x4 c:/program files (x86)/atollic/truestudio for stm32 9.3.0/armtools/bin/../lib/gcc/arm-atollic-eabi/6.3.1/../../../../arm-atollic-eabi/lib/armv7-m\libc_nano.a(lib_a-nano-mallocr.o)
                0x2000040c                __malloc_sbrk_start
 .bss.heap_end.4116
                0x20000410        0x4 c:/program files (x86)/atollic/truestudio for stm32 9.3.0/armtools/bin/../lib/gcc/arm-atollic-eabi/6.3.1/../../../../arm-atollic-eabi/lib/armv7-m\libnosys.a(sbrk.o)
 *(COMMON)
 COMMON         0x20000414        0x4 Drivers\STM32F1xx_HAL_Driver\Src\stm32f1xx_hal.o
                0x20000414                uwTick
 COMMON         0x20000418       0x20 Drivers\STM32F1xx_HAL_Driver\Src\stm32f1xx_hal_flash.o
                0x20000418                pFlash
 COMMON         0x20000438        0x7 Src\OneWire.o
                0x20000438                rc_buffer
                0x2000043d                recvFlag
                0x2000043e                debag
 *fill*         0x2000043f        0x1 
 COMMON         0x20000440      0x800 Src\eeprom.o
                0x20000440                EEPROMPageBackup
 COMMON         0x20000c40      0x1b4 Src\main.o
                0x20000c40                t
                0x20000c44                ow
                0x20000c80                timer2_counter
                0x20000c82                flag_timer2_counter
                0x20000c83                i
                0x20000c84                huart1
                0x20000cc4                flag_usb
                0x20000cc5                flag_hyst1
                0x20000cc8                hyst
                0x20000d04                sensor
                0x20000d08                htim2
                0x20000d48                common_array_number
                0x20000d49                devices
                0x20000d4c                huart2
                0x20000d8c                str
                0x20000df0                crcOK
 COMMON         0x20000df4      0x224 Src\usb_device.o
                0x20000df4                hUsbDeviceFS
 COMMON         0x20001018      0x7d0 Src\usbd_cdc_if.o
                0x20001018                UserRxBufferFS
                0x20001400                UserTxBufferFS
 COMMON         0x200017e8      0x460 Src\usbd_conf.o
                0x200017e8                hpcd_USB_FS
 COMMON         0x20001c48      0x200 Src\usbd_desc.o
                0x20001c48                USBD_StrDesc
 COMMON         0x20001e48        0x4 c:/program files (x86)/atollic/truestudio for stm32 9.3.0/armtools/bin/../lib/gcc/arm-atollic-eabi/6.3.1/../../../../arm-atollic-eabi/lib/armv7-m\libc_nano.a(lib_a-reent.o)
                0x20001e48                errno
                0x20001e4c                . = ALIGN (0x4)
                0x20001e4c                _ebss = .
                0x20001e4c                __bss_end__ = _ebss

._user_heap_stack
                0x20001e4c      0x600 load address 0x08005a3c
                0x20001e4c                . = ALIGN (0x4)
                0x20001e4c                PROVIDE (end, .)
                [!provide]                PROVIDE (_end, .)
                0x2000204c                . = (. + _Min_Heap_Size)
 *fill*         0x20001e4c      0x200 
                0x2000244c                . = (. + _Min_Stack_Size)
 *fill*         0x2000204c      0x400 
                0x2000244c                . = ALIGN (0x4)

/DISCARD/
 libc.a(*)
 libm.a(*)
 libgcc.a(*)

.ARM.attributes
                0x00000000       0x29
 *(.ARM.attributes)
 .ARM.attributes
                0x00000000       0x1d c:/program files (x86)/atollic/truestudio for stm32 9.3.0/armtools/bin/../lib/gcc/arm-atollic-eabi/6.3.1/armv7-m/crti.o
 .ARM.attributes
                0x0000001d       0x2d c:/program files (x86)/atollic/truestudio for stm32 9.3.0/armtools/bin/../lib/gcc/arm-atollic-eabi/6.3.1/armv7-m/crtbegin.o
 .ARM.attributes
                0x0000004a       0x33 Drivers\STM32F1xx_HAL_Driver\Src\stm32f1xx_hal.o
 .ARM.attributes
                0x0000007d       0x33 Drivers\STM32F1xx_HAL_Driver\Src\stm32f1xx_hal_cortex.o
 .ARM.attributes
                0x000000b0       0x33 Drivers\STM32F1xx_HAL_Driver\Src\stm32f1xx_hal_dma.o
 .ARM.attributes
                0x000000e3       0x33 Drivers\STM32F1xx_HAL_Driver\Src\stm32f1xx_hal_flash.o
 .ARM.attributes
                0x00000116       0x33 Drivers\STM32F1xx_HAL_Driver\Src\stm32f1xx_hal_flash_ex.o
 .ARM.attributes
                0x00000149       0x33 Drivers\STM32F1xx_HAL_Driver\Src\stm32f1xx_hal_gpio.o
 .ARM.attributes
                0x0000017c       0x33 Drivers\STM32F1xx_HAL_Driver\Src\stm32f1xx_hal_pcd.o
 .ARM.attributes
                0x000001af       0x33 Drivers\STM32F1xx_HAL_Driver\Src\stm32f1xx_hal_pcd_ex.o
 .ARM.attributes
                0x000001e2       0x33 Drivers\STM32F1xx_HAL_Driver\Src\stm32f1xx_hal_rcc.o
 .ARM.attributes
                0x00000215       0x33 Drivers\STM32F1xx_HAL_Driver\Src\stm32f1xx_hal_rcc_ex.o
 .ARM.attributes
                0x00000248       0x33 Drivers\STM32F1xx_HAL_Driver\Src\stm32f1xx_hal_tim.o
 .ARM.attributes
                0x0000027b       0x33 Drivers\STM32F1xx_HAL_Driver\Src\stm32f1xx_hal_tim_ex.o
 .ARM.attributes
                0x000002ae       0x33 Drivers\STM32F1xx_HAL_Driver\Src\stm32f1xx_hal_uart.o
 .ARM.attributes
                0x000002e1       0x33 Drivers\STM32F1xx_HAL_Driver\Src\stm32f1xx_ll_usb.o
 .ARM.attributes
                0x00000314       0x33 Middlewares\ST\STM32_USB_Device_Library\Class\CDC\Src\usbd_cdc.o
 .ARM.attributes
                0x00000347       0x33 Middlewares\ST\STM32_USB_Device_Library\Core\Src\usbd_core.o
 .ARM.attributes
                0x0000037a       0x33 Middlewares\ST\STM32_USB_Device_Library\Core\Src\usbd_ctlreq.o
 .ARM.attributes
                0x000003ad       0x33 Middlewares\ST\STM32_USB_Device_Library\Core\Src\usbd_ioreq.o
 .ARM.attributes
                0x000003e0       0x33 Src\OneWire.o
 .ARM.attributes
                0x00000413       0x33 Src\eeprom.o
 .ARM.attributes
                0x00000446       0x33 Src\main.o
 .ARM.attributes
                0x00000479       0x33 Src\stm32f1xx_hal_msp.o
 .ARM.attributes
                0x000004ac       0x33 Src\stm32f1xx_it.o
 .ARM.attributes
                0x000004df       0x33 Src\system_stm32f1xx.o
 .ARM.attributes
                0x00000512       0x33 Src\usb_device.o
 .ARM.attributes
                0x00000545       0x33 Src\usbd_cdc_if.o
 .ARM.attributes
                0x00000578       0x33 Src\usbd_conf.o
 .ARM.attributes
                0x000005ab       0x33 Src\usbd_desc.o
 .ARM.attributes
                0x000005de       0x21 startup\startup_stm32f103xb.o
 .ARM.attributes
                0x000005ff       0x2d c:/program files (x86)/atollic/truestudio for stm32 9.3.0/armtools/bin/../lib/gcc/arm-atollic-eabi/6.3.1/../../../../arm-atollic-eabi/lib/armv7-m\libc_nano.a(lib_a-init.o)
 .ARM.attributes
                0x0000062c       0x2d c:/program files (x86)/atollic/truestudio for stm32 9.3.0/armtools/bin/../lib/gcc/arm-atollic-eabi/6.3.1/../../../../arm-atollic-eabi/lib/armv7-m\libc_nano.a(lib_a-snprintf.o)
 .ARM.attributes
                0x00000659       0x2d c:/program files (x86)/atollic/truestudio for stm32 9.3.0/armtools/bin/../lib/gcc/arm-atollic-eabi/6.3.1/../../../../arm-atollic-eabi/lib/armv7-m\libc_nano.a(lib_a-strcpy.o)
 .ARM.attributes
                0x00000686       0x17 c:/program files (x86)/atollic/truestudio for stm32 9.3.0/armtools/bin/../lib/gcc/arm-atollic-eabi/6.3.1/../../../../arm-atollic-eabi/lib/armv7-m\libc_nano.a(lib_a-strlen.o)
 .ARM.attributes
                0x0000069d       0x2d c:/program files (x86)/atollic/truestudio for stm32 9.3.0/armtools/bin/../lib/gcc/arm-atollic-eabi/6.3.1/../../../../arm-atollic-eabi/lib/armv7-m\libc_nano.a(lib_a-strncpy.o)
 .ARM.attributes
                0x000006ca       0x2d c:/program files (x86)/atollic/truestudio for stm32 9.3.0/armtools/bin/../lib/gcc/arm-atollic-eabi/6.3.1/../../../../arm-atollic-eabi/lib/armv7-m\libc_nano.a(lib_a-strstr.o)
 .ARM.attributes
                0x000006f7       0x2d c:/program files (x86)/atollic/truestudio for stm32 9.3.0/armtools/bin/../lib/gcc/arm-atollic-eabi/6.3.1/../../../../arm-atollic-eabi/lib/armv7-m\libc_nano.a(lib_a-impure.o)
 .ARM.attributes
                0x00000724       0x2d c:/program files (x86)/atollic/truestudio for stm32 9.3.0/armtools/bin/../lib/gcc/arm-atollic-eabi/6.3.1/../../../../arm-atollic-eabi/lib/armv7-m\libc_nano.a(lib_a-nano-svfprintf.o)
 .ARM.attributes
                0x00000751       0x2d c:/program files (x86)/atollic/truestudio for stm32 9.3.0/armtools/bin/../lib/gcc/arm-atollic-eabi/6.3.1/../../../../arm-atollic-eabi/lib/armv7-m\libc_nano.a(lib_a-nano-vfprintf_i.o)
 .ARM.attributes
                0x0000077e       0x2d c:/program files (x86)/atollic/truestudio for stm32 9.3.0/armtools/bin/../lib/gcc/arm-atollic-eabi/6.3.1/../../../../arm-atollic-eabi/lib/armv7-m\libc_nano.a(lib_a-memchr-stub.o)
 .ARM.attributes
                0x000007ab       0x2d c:/program files (x86)/atollic/truestudio for stm32 9.3.0/armtools/bin/../lib/gcc/arm-atollic-eabi/6.3.1/../../../../arm-atollic-eabi/lib/armv7-m\libc_nano.a(lib_a-memcpy-stub.o)
 .ARM.attributes
                0x000007d8       0x2d c:/program files (x86)/atollic/truestudio for stm32 9.3.0/armtools/bin/../lib/gcc/arm-atollic-eabi/6.3.1/../../../../arm-atollic-eabi/lib/armv7-m\libc_nano.a(lib_a-memmove.o)
 .ARM.attributes
                0x00000805       0x2d c:/program files (x86)/atollic/truestudio for stm32 9.3.0/armtools/bin/../lib/gcc/arm-atollic-eabi/6.3.1/../../../../arm-atollic-eabi/lib/armv7-m\libc_nano.a(lib_a-nano-freer.o)
 .ARM.attributes
                0x00000832       0x2d c:/program files (x86)/atollic/truestudio for stm32 9.3.0/armtools/bin/../lib/gcc/arm-atollic-eabi/6.3.1/../../../../arm-atollic-eabi/lib/armv7-m\libc_nano.a(lib_a-nano-mallocr.o)
 .ARM.attributes
                0x0000085f       0x2d c:/program files (x86)/atollic/truestudio for stm32 9.3.0/armtools/bin/../lib/gcc/arm-atollic-eabi/6.3.1/../../../../arm-atollic-eabi/lib/armv7-m\libc_nano.a(lib_a-nano-reallocr.o)
 .ARM.attributes
                0x0000088c       0x2d c:/program files (x86)/atollic/truestudio for stm32 9.3.0/armtools/bin/../lib/gcc/arm-atollic-eabi/6.3.1/../../../../arm-atollic-eabi/lib/armv7-m\libc_nano.a(lib_a-sbrkr.o)
 .ARM.attributes
                0x000008b9       0x2d c:/program files (x86)/atollic/truestudio for stm32 9.3.0/armtools/bin/../lib/gcc/arm-atollic-eabi/6.3.1/../../../../arm-atollic-eabi/lib/armv7-m\libc_nano.a(lib_a-mlock.o)
 .ARM.attributes
                0x000008e6       0x2d c:/program files (x86)/atollic/truestudio for stm32 9.3.0/armtools/bin/../lib/gcc/arm-atollic-eabi/6.3.1/../../../../arm-atollic-eabi/lib/armv7-m\libc_nano.a(lib_a-nano-msizer.o)
 .ARM.attributes
                0x00000913       0x2d c:/program files (x86)/atollic/truestudio for stm32 9.3.0/armtools/bin/../lib/gcc/arm-atollic-eabi/6.3.1/../../../../arm-atollic-eabi/lib/armv7-m\libc_nano.a(lib_a-reent.o)
 .ARM.attributes
                0x00000940       0x1d c:/program files (x86)/atollic/truestudio for stm32 9.3.0/armtools/bin/../lib/gcc/arm-atollic-eabi/6.3.1/armv7-m\libgcc.a(_lshrdi3.o)
 .ARM.attributes
                0x0000095d       0x1d c:/program files (x86)/atollic/truestudio for stm32 9.3.0/armtools/bin/../lib/gcc/arm-atollic-eabi/6.3.1/armv7-m\libgcc.a(_arm_addsubdf3.o)
 .ARM.attributes
                0x0000097a       0x1d c:/program files (x86)/atollic/truestudio for stm32 9.3.0/armtools/bin/../lib/gcc/arm-atollic-eabi/6.3.1/armv7-m\libgcc.a(_arm_cmpdf2.o)
 .ARM.attributes
                0x00000997       0x1d c:/program files (x86)/atollic/truestudio for stm32 9.3.0/armtools/bin/../lib/gcc/arm-atollic-eabi/6.3.1/armv7-m\libgcc.a(_arm_addsubsf3.o)
 .ARM.attributes
                0x000009b4       0x1d c:/program files (x86)/atollic/truestudio for stm32 9.3.0/armtools/bin/../lib/gcc/arm-atollic-eabi/6.3.1/armv7-m\libgcc.a(_arm_fixunssfsi.o)
 .ARM.attributes
                0x000009d1       0x2d c:/program files (x86)/atollic/truestudio for stm32 9.3.0/armtools/bin/../lib/gcc/arm-atollic-eabi/6.3.1/../../../../arm-atollic-eabi/lib/armv7-m\libnosys.a(sbrk.o)
 .ARM.attributes
                0x000009fe       0x1d c:/program files (x86)/atollic/truestudio for stm32 9.3.0/armtools/bin/../lib/gcc/arm-atollic-eabi/6.3.1/armv7-m/crtn.o
OUTPUT(OneWire_UART.elf elf32-littlearm)

.debug_info     0x00000000    0x25d88
 .debug_info    0x00000000      0xfc1 Drivers\STM32F1xx_HAL_Driver\Src\stm32f1xx_hal.o
 .debug_info    0x00000fc1     0x146a Drivers\STM32F1xx_HAL_Driver\Src\stm32f1xx_hal_cortex.o
 .debug_info    0x0000242b     0x1008 Drivers\STM32F1xx_HAL_Driver\Src\stm32f1xx_hal_dma.o
 .debug_info    0x00003433      0xeac Drivers\STM32F1xx_HAL_Driver\Src\stm32f1xx_hal_flash.o
 .debug_info    0x000042df     0x136d Drivers\STM32F1xx_HAL_Driver\Src\stm32f1xx_hal_flash_ex.o
 .debug_info    0x0000564c      0xe83 Drivers\STM32F1xx_HAL_Driver\Src\stm32f1xx_hal_gpio.o
 .debug_info    0x000064cf     0x1980 Drivers\STM32F1xx_HAL_Driver\Src\stm32f1xx_hal_pcd.o
 .debug_info    0x00007e4f      0xe04 Drivers\STM32F1xx_HAL_Driver\Src\stm32f1xx_hal_pcd_ex.o
 .debug_info    0x00008c53     0x11fe Drivers\STM32F1xx_HAL_Driver\Src\stm32f1xx_hal_rcc.o
 .debug_info    0x00009e51      0xc5e Drivers\STM32F1xx_HAL_Driver\Src\stm32f1xx_hal_rcc_ex.o
 .debug_info    0x0000aaaf     0x3b7a Drivers\STM32F1xx_HAL_Driver\Src\stm32f1xx_hal_tim.o
 .debug_info    0x0000e629     0x194a Drivers\STM32F1xx_HAL_Driver\Src\stm32f1xx_hal_tim_ex.o
 .debug_info    0x0000ff73     0x1e07 Drivers\STM32F1xx_HAL_Driver\Src\stm32f1xx_hal_uart.o
 .debug_info    0x00011d7a     0x1707 Drivers\STM32F1xx_HAL_Driver\Src\stm32f1xx_ll_usb.o
 .debug_info    0x00013481     0x14fd Middlewares\ST\STM32_USB_Device_Library\Class\CDC\Src\usbd_cdc.o
 .debug_info    0x0001497e     0x146d Middlewares\ST\STM32_USB_Device_Library\Core\Src\usbd_core.o
 .debug_info    0x00015deb     0x14a0 Middlewares\ST\STM32_USB_Device_Library\Core\Src\usbd_ctlreq.o
 .debug_info    0x0001728b      0xfcc Middlewares\ST\STM32_USB_Device_Library\Core\Src\usbd_ioreq.o
 .debug_info    0x00018257     0x19b2 Src\OneWire.o
 .debug_info    0x00019c09      0xcd9 Src\eeprom.o
 .debug_info    0x0001a8e2     0x2dbf Src\main.o
 .debug_info    0x0001d6a1     0x1642 Src\stm32f1xx_hal_msp.o
 .debug_info    0x0001ece3     0x14f5 Src\stm32f1xx_it.o
 .debug_info    0x000201d8      0xc0e Src\system_stm32f1xx.o
 .debug_info    0x00020de6      0xe87 Src\usb_device.o
 .debug_info    0x00021c6d     0x12b6 Src\usbd_cdc_if.o
 .debug_info    0x00022f23     0x2067 Src\usbd_conf.o
 .debug_info    0x00024f8a      0xd81 Src\usbd_desc.o
 .debug_info    0x00025d0b       0x7d startup\startup_stm32f103xb.o

.debug_abbrev   0x00000000     0x51ce
 .debug_abbrev  0x00000000      0x308 Drivers\STM32F1xx_HAL_Driver\Src\stm32f1xx_hal.o
 .debug_abbrev  0x00000308      0x399 Drivers\STM32F1xx_HAL_Driver\Src\stm32f1xx_hal_cortex.o
 .debug_abbrev  0x000006a1      0x29e Drivers\STM32F1xx_HAL_Driver\Src\stm32f1xx_hal_dma.o
 .debug_abbrev  0x0000093f      0x373 Drivers\STM32F1xx_HAL_Driver\Src\stm32f1xx_hal_flash.o
 .debug_abbrev  0x00000cb2      0x35a Drivers\STM32F1xx_HAL_Driver\Src\stm32f1xx_hal_flash_ex.o
 .debug_abbrev  0x0000100c      0x268 Drivers\STM32F1xx_HAL_Driver\Src\stm32f1xx_hal_gpio.o
 .debug_abbrev  0x00001274      0x39a Drivers\STM32F1xx_HAL_Driver\Src\stm32f1xx_hal_pcd.o
 .debug_abbrev  0x0000160e      0x1f5 Drivers\STM32F1xx_HAL_Driver\Src\stm32f1xx_hal_pcd_ex.o
 .debug_abbrev  0x00001803      0x367 Drivers\STM32F1xx_HAL_Driver\Src\stm32f1xx_hal_rcc.o
 .debug_abbrev  0x00001b6a      0x277 Drivers\STM32F1xx_HAL_Driver\Src\stm32f1xx_hal_rcc_ex.o
 .debug_abbrev  0x00001de1      0x3bb Drivers\STM32F1xx_HAL_Driver\Src\stm32f1xx_hal_tim.o
 .debug_abbrev  0x0000219c      0x30d Drivers\STM32F1xx_HAL_Driver\Src\stm32f1xx_hal_tim_ex.o
 .debug_abbrev  0x000024a9      0x364 Drivers\STM32F1xx_HAL_Driver\Src\stm32f1xx_hal_uart.o
 .debug_abbrev  0x0000280d      0x31c Drivers\STM32F1xx_HAL_Driver\Src\stm32f1xx_ll_usb.o
 .debug_abbrev  0x00002b29      0x2e8 Middlewares\ST\STM32_USB_Device_Library\Class\CDC\Src\usbd_cdc.o
 .debug_abbrev  0x00002e11      0x308 Middlewares\ST\STM32_USB_Device_Library\Core\Src\usbd_core.o
 .debug_abbrev  0x00003119      0x3aa Middlewares\ST\STM32_USB_Device_Library\Core\Src\usbd_ctlreq.o
 .debug_abbrev  0x000034c3      0x1da Middlewares\ST\STM32_USB_Device_Library\Core\Src\usbd_ioreq.o
 .debug_abbrev  0x0000369d      0x3c7 Src\OneWire.o
 .debug_abbrev  0x00003a64      0x25f Src\eeprom.o
 .debug_abbrev  0x00003cc3      0x44e Src\main.o
 .debug_abbrev  0x00004111      0x24d Src\stm32f1xx_hal_msp.o
 .debug_abbrev  0x0000435e      0x23e Src\stm32f1xx_it.o
 .debug_abbrev  0x0000459c      0x1eb Src\system_stm32f1xx.o
 .debug_abbrev  0x00004787      0x1e0 Src\usb_device.o
 .debug_abbrev  0x00004967      0x2f0 Src\usbd_cdc_if.o
 .debug_abbrev  0x00004c57      0x2ea Src\usbd_conf.o
 .debug_abbrev  0x00004f41      0x27b Src\usbd_desc.o
 .debug_abbrev  0x000051bc       0x12 startup\startup_stm32f103xb.o

.debug_loc      0x00000000     0xb41f
 .debug_loc     0x00000000      0x11b Drivers\STM32F1xx_HAL_Driver\Src\stm32f1xx_hal.o
 .debug_loc     0x0000011b      0x46b Drivers\STM32F1xx_HAL_Driver\Src\stm32f1xx_hal_cortex.o
 .debug_loc     0x00000586      0x5d1 Drivers\STM32F1xx_HAL_Driver\Src\stm32f1xx_hal_dma.o
 .debug_loc     0x00000b57      0x334 Drivers\STM32F1xx_HAL_Driver\Src\stm32f1xx_hal_flash.o
 .debug_loc     0x00000e8b      0x6d0 Drivers\STM32F1xx_HAL_Driver\Src\stm32f1xx_hal_flash_ex.o
 .debug_loc     0x0000155b      0x36a Drivers\STM32F1xx_HAL_Driver\Src\stm32f1xx_hal_gpio.o
 .debug_loc     0x000018c5      0x995 Drivers\STM32F1xx_HAL_Driver\Src\stm32f1xx_hal_pcd.o
 .debug_loc     0x0000225a       0xe0 Drivers\STM32F1xx_HAL_Driver\Src\stm32f1xx_hal_pcd_ex.o
 .debug_loc     0x0000233a      0x4c3 Drivers\STM32F1xx_HAL_Driver\Src\stm32f1xx_hal_rcc.o
 .debug_loc     0x000027fd      0x29d Drivers\STM32F1xx_HAL_Driver\Src\stm32f1xx_hal_rcc_ex.o
 .debug_loc     0x00002a9a     0x300c Drivers\STM32F1xx_HAL_Driver\Src\stm32f1xx_hal_tim.o
 .debug_loc     0x00005aa6      0x822 Drivers\STM32F1xx_HAL_Driver\Src\stm32f1xx_hal_tim_ex.o
 .debug_loc     0x000062c8     0x1311 Drivers\STM32F1xx_HAL_Driver\Src\stm32f1xx_hal_uart.o
 .debug_loc     0x000075d9      0xb9c Drivers\STM32F1xx_HAL_Driver\Src\stm32f1xx_ll_usb.o
 .debug_loc     0x00008175      0x4cf Middlewares\ST\STM32_USB_Device_Library\Class\CDC\Src\usbd_cdc.o
 .debug_loc     0x00008644      0x5f2 Middlewares\ST\STM32_USB_Device_Library\Core\Src\usbd_core.o
 .debug_loc     0x00008c36      0x7cd Middlewares\ST\STM32_USB_Device_Library\Core\Src\usbd_ctlreq.o
 .debug_loc     0x00009403      0x23c Middlewares\ST\STM32_USB_Device_Library\Core\Src\usbd_ioreq.o
 .debug_loc     0x0000963f      0xa29 Src\OneWire.o
 .debug_loc     0x0000a068      0x21e Src\eeprom.o
 .debug_loc     0x0000a286      0x1bb Src\main.o
 .debug_loc     0x0000a441       0xcc Src\stm32f1xx_hal_msp.o
 .debug_loc     0x0000a50d       0xcd Src\system_stm32f1xx.o
 .debug_loc     0x0000a5da      0x26d Src\usbd_cdc_if.o
 .debug_loc     0x0000a847      0x965 Src\usbd_conf.o
 .debug_loc     0x0000b1ac      0x273 Src\usbd_desc.o

.debug_aranges  0x00000000     0x1058
 .debug_aranges
                0x00000000       0xc8 Drivers\STM32F1xx_HAL_Driver\Src\stm32f1xx_hal.o
 .debug_aranges
                0x000000c8       0x90 Drivers\STM32F1xx_HAL_Driver\Src\stm32f1xx_hal_cortex.o
 .debug_aranges
                0x00000158       0x78 Drivers\STM32F1xx_HAL_Driver\Src\stm32f1xx_hal_dma.o
 .debug_aranges
                0x000001d0       0x78 Drivers\STM32F1xx_HAL_Driver\Src\stm32f1xx_hal_flash.o
 .debug_aranges
                0x00000248       0x60 Drivers\STM32F1xx_HAL_Driver\Src\stm32f1xx_hal_flash_ex.o
 .debug_aranges
                0x000002a8       0x58 Drivers\STM32F1xx_HAL_Driver\Src\stm32f1xx_hal_gpio.o
 .debug_aranges
                0x00000300       0xc0 Drivers\STM32F1xx_HAL_Driver\Src\stm32f1xx_hal_pcd.o
 .debug_aranges
                0x000003c0       0x28 Drivers\STM32F1xx_HAL_Driver\Src\stm32f1xx_hal_pcd_ex.o
 .debug_aranges
                0x000003e8       0x88 Drivers\STM32F1xx_HAL_Driver\Src\stm32f1xx_hal_rcc.o
 .debug_aranges
                0x00000470       0x30 Drivers\STM32F1xx_HAL_Driver\Src\stm32f1xx_hal_rcc_ex.o
 .debug_aranges
                0x000004a0      0x250 Drivers\STM32F1xx_HAL_Driver\Src\stm32f1xx_hal_tim.o
 .debug_aranges
                0x000006f0       0xe8 Drivers\STM32F1xx_HAL_Driver\Src\stm32f1xx_hal_tim_ex.o
 .debug_aranges
                0x000007d8      0x170 Drivers\STM32F1xx_HAL_Driver\Src\stm32f1xx_hal_uart.o
 .debug_aranges
                0x00000948       0xe0 Drivers\STM32F1xx_HAL_Driver\Src\stm32f1xx_ll_usb.o
 .debug_aranges
                0x00000a28       0x90 Middlewares\ST\STM32_USB_Device_Library\Class\CDC\Src\usbd_cdc.o
 .debug_aranges
                0x00000ab8       0xa8 Middlewares\ST\STM32_USB_Device_Library\Core\Src\usbd_core.o
 .debug_aranges
                0x00000b60       0x50 Middlewares\ST\STM32_USB_Device_Library\Core\Src\usbd_ctlreq.o
 .debug_aranges
                0x00000bb0       0x50 Middlewares\ST\STM32_USB_Device_Library\Core\Src\usbd_ioreq.o
 .debug_aranges
                0x00000c00       0xd8 Src\OneWire.o
 .debug_aranges
                0x00000cd8       0x48 Src\eeprom.o
 .debug_aranges
                0x00000d20       0x80 Src\main.o
 .debug_aranges
                0x00000da0       0x40 Src\stm32f1xx_hal_msp.o
 .debug_aranges
                0x00000de0       0x60 Src\stm32f1xx_it.o
 .debug_aranges
                0x00000e40       0x28 Src\system_stm32f1xx.o
 .debug_aranges
                0x00000e68       0x20 Src\usb_device.o
 .debug_aranges
                0x00000e88       0x48 Src\usbd_cdc_if.o
 .debug_aranges
                0x00000ed0      0x110 Src\usbd_conf.o
 .debug_aranges
                0x00000fe0       0x50 Src\usbd_desc.o
 .debug_aranges
                0x00001030       0x28 startup\startup_stm32f103xb.o

.debug_ranges   0x00000000     0x16c8
 .debug_ranges  0x00000000       0xb8 Drivers\STM32F1xx_HAL_Driver\Src\stm32f1xx_hal.o
 .debug_ranges  0x000000b8      0x128 Drivers\STM32F1xx_HAL_Driver\Src\stm32f1xx_hal_cortex.o
 .debug_ranges  0x000001e0       0xa8 Drivers\STM32F1xx_HAL_Driver\Src\stm32f1xx_hal_dma.o
 .debug_ranges  0x00000288       0xb8 Drivers\STM32F1xx_HAL_Driver\Src\stm32f1xx_hal_flash.o
 .debug_ranges  0x00000340       0xe0 Drivers\STM32F1xx_HAL_Driver\Src\stm32f1xx_hal_flash_ex.o
 .debug_ranges  0x00000420       0x60 Drivers\STM32F1xx_HAL_Driver\Src\stm32f1xx_hal_gpio.o
 .debug_ranges  0x00000480      0x118 Drivers\STM32F1xx_HAL_Driver\Src\stm32f1xx_hal_pcd.o
 .debug_ranges  0x00000598       0x18 Drivers\STM32F1xx_HAL_Driver\Src\stm32f1xx_hal_pcd_ex.o
 .debug_ranges  0x000005b0       0xa0 Drivers\STM32F1xx_HAL_Driver\Src\stm32f1xx_hal_rcc.o
 .debug_ranges  0x00000650       0x40 Drivers\STM32F1xx_HAL_Driver\Src\stm32f1xx_hal_rcc_ex.o
 .debug_ranges  0x00000690      0x340 Drivers\STM32F1xx_HAL_Driver\Src\stm32f1xx_hal_tim.o
 .debug_ranges  0x000009d0       0xd8 Drivers\STM32F1xx_HAL_Driver\Src\stm32f1xx_hal_tim_ex.o
 .debug_ranges  0x00000aa8      0x190 Drivers\STM32F1xx_HAL_Driver\Src\stm32f1xx_hal_uart.o
 .debug_ranges  0x00000c38      0x260 Drivers\STM32F1xx_HAL_Driver\Src\stm32f1xx_ll_usb.o
 .debug_ranges  0x00000e98       0x80 Middlewares\ST\STM32_USB_Device_Library\Class\CDC\Src\usbd_cdc.o
 .debug_ranges  0x00000f18       0x98 Middlewares\ST\STM32_USB_Device_Library\Core\Src\usbd_core.o
 .debug_ranges  0x00000fb0       0xc0 Middlewares\ST\STM32_USB_Device_Library\Core\Src\usbd_ctlreq.o
 .debug_ranges  0x00001070       0x40 Middlewares\ST\STM32_USB_Device_Library\Core\Src\usbd_ioreq.o
 .debug_ranges  0x000010b0      0x130 Src\OneWire.o
 .debug_ranges  0x000011e0       0x88 Src\eeprom.o
 .debug_ranges  0x00001268      0x170 Src\main.o
 .debug_ranges  0x000013d8       0xb8 Src\stm32f1xx_hal_msp.o
 .debug_ranges  0x00001490       0x50 Src\stm32f1xx_it.o
 .debug_ranges  0x000014e0       0x18 Src\system_stm32f1xx.o
 .debug_ranges  0x000014f8       0x10 Src\usb_device.o
 .debug_ranges  0x00001508       0x38 Src\usbd_cdc_if.o
 .debug_ranges  0x00001540      0x128 Src\usbd_conf.o
 .debug_ranges  0x00001668       0x40 Src\usbd_desc.o
 .debug_ranges  0x000016a8       0x20 startup\startup_stm32f103xb.o

.debug_line     0x00000000     0x996b
 .debug_line    0x00000000      0x45f Drivers\STM32F1xx_HAL_Driver\Src\stm32f1xx_hal.o
 .debug_line    0x0000045f      0x432 Drivers\STM32F1xx_HAL_Driver\Src\stm32f1xx_hal_cortex.o
 .debug_line    0x00000891      0x699 Drivers\STM32F1xx_HAL_Driver\Src\stm32f1xx_hal_dma.o
 .debug_line    0x00000f2a      0x51e Drivers\STM32F1xx_HAL_Driver\Src\stm32f1xx_hal_flash.o
 .debug_line    0x00001448      0x53e Drivers\STM32F1xx_HAL_Driver\Src\stm32f1xx_hal_flash_ex.o
 .debug_line    0x00001986      0x44b Drivers\STM32F1xx_HAL_Driver\Src\stm32f1xx_hal_gpio.o
 .debug_line    0x00001dd1      0x6ef Drivers\STM32F1xx_HAL_Driver\Src\stm32f1xx_hal_pcd.o
 .debug_line    0x000024c0      0x2ec Drivers\STM32F1xx_HAL_Driver\Src\stm32f1xx_hal_pcd_ex.o
 .debug_line    0x000027ac      0x633 Drivers\STM32F1xx_HAL_Driver\Src\stm32f1xx_hal_rcc.o
 .debug_line    0x00002ddf      0x3cc Drivers\STM32F1xx_HAL_Driver\Src\stm32f1xx_hal_rcc_ex.o
 .debug_line    0x000031ab     0x114c Drivers\STM32F1xx_HAL_Driver\Src\stm32f1xx_hal_tim.o
 .debug_line    0x000042f7      0x6ee Drivers\STM32F1xx_HAL_Driver\Src\stm32f1xx_hal_tim_ex.o
 .debug_line    0x000049e5      0xc45 Drivers\STM32F1xx_HAL_Driver\Src\stm32f1xx_hal_uart.o
 .debug_line    0x0000562a      0x615 Drivers\STM32F1xx_HAL_Driver\Src\stm32f1xx_ll_usb.o
 .debug_line    0x00005c3f      0x50c Middlewares\ST\STM32_USB_Device_Library\Class\CDC\Src\usbd_cdc.o
 .debug_line    0x0000614b      0x4f6 Middlewares\ST\STM32_USB_Device_Library\Core\Src\usbd_core.o
 .debug_line    0x00006641      0x476 Middlewares\ST\STM32_USB_Device_Library\Core\Src\usbd_ctlreq.o
 .debug_line    0x00006ab7      0x38c Middlewares\ST\STM32_USB_Device_Library\Core\Src\usbd_ioreq.o
 .debug_line    0x00006e43      0x545 Src\OneWire.o
 .debug_line    0x00007388      0x370 Src\eeprom.o
 .debug_line    0x000076f8      0x6f4 Src\main.o
 .debug_line    0x00007dec      0x39c Src\stm32f1xx_hal_msp.o
 .debug_line    0x00008188      0x3b9 Src\stm32f1xx_it.o
 .debug_line    0x00008541      0x288 Src\system_stm32f1xx.o
 .debug_line    0x000087c9      0x367 Src\usb_device.o
 .debug_line    0x00008b30      0x401 Src\usbd_cdc_if.o
 .debug_line    0x00008f31      0x651 Src\usbd_conf.o
 .debug_line    0x00009582      0x36c Src\usbd_desc.o
 .debug_line    0x000098ee       0x7d startup\startup_stm32f103xb.o

.debug_str      0x00000000     0x5528
 .debug_str     0x00000000      0xbd2 Drivers\STM32F1xx_HAL_Driver\Src\stm32f1xx_hal.o
                                0xc79 (size before relaxing)
 .debug_str     0x00000bd2      0x2e1 Drivers\STM32F1xx_HAL_Driver\Src\stm32f1xx_hal_cortex.o
                                0xd27 (size before relaxing)
 .debug_str     0x00000eb3      0x3d2 Drivers\STM32F1xx_HAL_Driver\Src\stm32f1xx_hal_dma.o
                                0xa8b (size before relaxing)
 .debug_str     0x00001285      0x29b Drivers\STM32F1xx_HAL_Driver\Src\stm32f1xx_hal_flash.o
                                0x9ab (size before relaxing)
 .debug_str     0x00001520      0x2bb Drivers\STM32F1xx_HAL_Driver\Src\stm32f1xx_hal_flash_ex.o
                                0xac1 (size before relaxing)
 .debug_str     0x000017db      0x1b9 Drivers\STM32F1xx_HAL_Driver\Src\stm32f1xx_hal_gpio.o
                                0x894 (size before relaxing)
 .debug_str     0x00001994      0x79d Drivers\STM32F1xx_HAL_Driver\Src\stm32f1xx_hal_pcd.o
                                0xe8e (size before relaxing)
 .debug_str     0x00002131       0x57 Drivers\STM32F1xx_HAL_Driver\Src\stm32f1xx_hal_pcd_ex.o
                                0x9b9 (size before relaxing)
 .debug_str     0x00002188      0x326 Drivers\STM32F1xx_HAL_Driver\Src\stm32f1xx_hal_rcc.o
                                0xa72 (size before relaxing)
 .debug_str     0x000024ae      0x12b Drivers\STM32F1xx_HAL_Driver\Src\stm32f1xx_hal_rcc_ex.o
                                0x84f (size before relaxing)
 .debug_str     0x000025d9      0xf05 Drivers\STM32F1xx_HAL_Driver\Src\stm32f1xx_hal_tim.o
                               0x17c3 (size before relaxing)
 .debug_str     0x000034de      0x4f1 Drivers\STM32F1xx_HAL_Driver\Src\stm32f1xx_hal_tim_ex.o
                               0x1065 (size before relaxing)
 .debug_str     0x000039cf      0x6d1 Drivers\STM32F1xx_HAL_Driver\Src\stm32f1xx_hal_uart.o
                                0xfdc (size before relaxing)
 .debug_str     0x000040a0      0x14f Drivers\STM32F1xx_HAL_Driver\Src\stm32f1xx_ll_usb.o
                                0xb8c (size before relaxing)
 .debug_str     0x000041ef      0x63f Middlewares\ST\STM32_USB_Device_Library\Class\CDC\Src\usbd_cdc.o
                                0xd38 (size before relaxing)
 .debug_str     0x0000482e      0x2a0 Middlewares\ST\STM32_USB_Device_Library\Core\Src\usbd_core.o
                                0xcaa (size before relaxing)
 .debug_str     0x00004ace      0x12e Middlewares\ST\STM32_USB_Device_Library\Core\Src\usbd_ctlreq.o
                                0xbc4 (size before relaxing)
 .debug_str     0x00004bfc       0x51 Middlewares\ST\STM32_USB_Device_Library\Core\Src\usbd_ioreq.o
                                0xaf1 (size before relaxing)
 .debug_str     0x00004c4d      0x2c2 Src\OneWire.o
                                0xc96 (size before relaxing)
 .debug_str     0x00004f0f       0xa2 Src\eeprom.o
                                0x790 (size before relaxing)
 .debug_str     0x00004fb1      0x1fb Src\main.o
                               0x192f (size before relaxing)
 .debug_str     0x000051ac       0x25 Src\stm32f1xx_hal_msp.o
                                0xff8 (size before relaxing)
 .debug_str     0x000051d1       0xef Src\stm32f1xx_it.o
                                0xf96 (size before relaxing)
 .debug_str     0x000052c0       0x4d Src\system_stm32f1xx.o
                                0x6fd (size before relaxing)
 .debug_str     0x0000530d       0x2b Src\usb_device.o
                                0xa8a (size before relaxing)
 .debug_str     0x00005338       0x91 Src\usbd_cdc_if.o
                                0xc14 (size before relaxing)
 .debug_str     0x000053c9       0x51 Src\usbd_conf.o
                               0x158b (size before relaxing)
 .debug_str     0x0000541a      0x10e Src\usbd_desc.o
                                0x865 (size before relaxing)

.comment        0x00000000       0x7c
 .comment       0x00000000       0x7c Drivers\STM32F1xx_HAL_Driver\Src\stm32f1xx_hal.o
                                 0x7d (size before relaxing)
 .comment       0x0000007c       0x7d Drivers\STM32F1xx_HAL_Driver\Src\stm32f1xx_hal_cortex.o
 .comment       0x0000007c       0x7d Drivers\STM32F1xx_HAL_Driver\Src\stm32f1xx_hal_dma.o
 .comment       0x0000007c       0x7d Drivers\STM32F1xx_HAL_Driver\Src\stm32f1xx_hal_flash.o
 .comment       0x0000007c       0x7d Drivers\STM32F1xx_HAL_Driver\Src\stm32f1xx_hal_flash_ex.o
 .comment       0x0000007c       0x7d Drivers\STM32F1xx_HAL_Driver\Src\stm32f1xx_hal_gpio.o
 .comment       0x0000007c       0x7d Drivers\STM32F1xx_HAL_Driver\Src\stm32f1xx_hal_pcd.o
 .comment       0x0000007c       0x7d Drivers\STM32F1xx_HAL_Driver\Src\stm32f1xx_hal_pcd_ex.o
 .comment       0x0000007c       0x7d Drivers\STM32F1xx_HAL_Driver\Src\stm32f1xx_hal_rcc.o
 .comment       0x0000007c       0x7d Drivers\STM32F1xx_HAL_Driver\Src\stm32f1xx_hal_rcc_ex.o
 .comment       0x0000007c       0x7d Drivers\STM32F1xx_HAL_Driver\Src\stm32f1xx_hal_tim.o
 .comment       0x0000007c       0x7d Drivers\STM32F1xx_HAL_Driver\Src\stm32f1xx_hal_tim_ex.o
 .comment       0x0000007c       0x7d Drivers\STM32F1xx_HAL_Driver\Src\stm32f1xx_hal_uart.o
 .comment       0x0000007c       0x7d Drivers\STM32F1xx_HAL_Driver\Src\stm32f1xx_ll_usb.o
 .comment       0x0000007c       0x7d Middlewares\ST\STM32_USB_Device_Library\Class\CDC\Src\usbd_cdc.o
 .comment       0x0000007c       0x7d Middlewares\ST\STM32_USB_Device_Library\Core\Src\usbd_core.o
 .comment       0x0000007c       0x7d Middlewares\ST\STM32_USB_Device_Library\Core\Src\usbd_ctlreq.o
 .comment       0x0000007c       0x7d Middlewares\ST\STM32_USB_Device_Library\Core\Src\usbd_ioreq.o
 .comment       0x0000007c       0x7d Src\OneWire.o
 .comment       0x0000007c       0x7d Src\eeprom.o
 .comment       0x0000007c       0x7d Src\main.o
 .comment       0x0000007c       0x7d Src\stm32f1xx_hal_msp.o
 .comment       0x0000007c       0x7d Src\stm32f1xx_it.o
 .comment       0x0000007c       0x7d Src\system_stm32f1xx.o
 .comment       0x0000007c       0x7d Src\usb_device.o